Component: ARM Compiler 5.06 update 6 (build 750) Tool: armlink [4d35ed]

==============================================================================

Section Cross References

    config.o(i.task_Init) refers to misc.o(i.NVIC_PriorityGroupConfig) for NVIC_PriorityGroupConfig
    config.o(i.task_Init) refers to usart.o(i.uart_init) for uart_init
    config.o(i.task_Init) refers to delay.o(i.delay_init) for delay_init
    config.o(i.task_Init) refers to led.o(i.LED_Init) for LED_Init
    config.o(i.task_Init) refers to bsp_spi_bus.o(i.bsp_InitSPIBus) for bsp_InitSPIBus
    config.o(i.task_Init) refers to led_color.o(i.all_off_2812) for all_off_2812
    main.o(i.main) refers to config.o(i.task_Init) for task_Init
    main.o(i.main) refers to tasks.o(i.xTaskCreate) for xTaskCreate
    main.o(i.main) refers to tasks.o(i.vTaskStartScheduler) for vTaskStartScheduler
    main.o(i.main) refers to main.o(i.start_task) for start_task
    main.o(i.start_task) refers to port.o(i.vPortEnterCritical) for vPortEnterCritical
    main.o(i.start_task) refers to tasks.o(i.xTaskCreate) for xTaskCreate
    main.o(i.start_task) refers to tasks.o(i.vTaskDelete) for vTaskDelete
    main.o(i.start_task) refers to port.o(i.vPortExitCritical) for vPortExitCritical
    main.o(i.start_task) refers to led.o(i.LED_task) for LED_task
    main.o(i.start_task) refers to led_color.o(i.WS2812B_task) for WS2812B_task
    system_stm32f10x.o(i.SetSysClock) refers to system_stm32f10x.o(i.SetSysClockTo72) for SetSysClockTo72
    system_stm32f10x.o(i.SystemCoreClockUpdate) refers to system_stm32f10x.o(.data) for SystemCoreClock
    system_stm32f10x.o(i.SystemInit) refers to system_stm32f10x.o(i.SetSysClock) for SetSysClock
    usart.o(i.USART1_IRQHandler) refers (Special) to use_no_semi_2.o(.text) for __use_no_semihosting
    usart.o(i.USART1_IRQHandler) refers to stm32f10x_usart.o(i.USART_GetITStatus) for USART_GetITStatus
    usart.o(i.USART1_IRQHandler) refers to stm32f10x_usart.o(i.USART_ReceiveData) for USART_ReceiveData
    usart.o(i.Usart_SendArray) refers (Special) to use_no_semi_2.o(.text) for __use_no_semihosting
    usart.o(i.Usart_SendArray) refers to usart.o(i.Usart_SendByte) for Usart_SendByte
    usart.o(i.Usart_SendArray) refers to stm32f10x_usart.o(i.USART_GetFlagStatus) for USART_GetFlagStatus
    usart.o(i.Usart_SendByte) refers (Special) to use_no_semi_2.o(.text) for __use_no_semihosting
    usart.o(i.Usart_SendByte) refers to stm32f10x_usart.o(i.USART_SendData) for USART_SendData
    usart.o(i.Usart_SendByte) refers to stm32f10x_usart.o(i.USART_GetFlagStatus) for USART_GetFlagStatus
    usart.o(i.Usart_SendHalfWord) refers (Special) to use_no_semi_2.o(.text) for __use_no_semihosting
    usart.o(i.Usart_SendHalfWord) refers to stm32f10x_usart.o(i.USART_SendData) for USART_SendData
    usart.o(i.Usart_SendHalfWord) refers to stm32f10x_usart.o(i.USART_GetFlagStatus) for USART_GetFlagStatus
    usart.o(i.Usart_SendString) refers (Special) to use_no_semi_2.o(.text) for __use_no_semihosting
    usart.o(i.Usart_SendString) refers to usart.o(i.Usart_SendByte) for Usart_SendByte
    usart.o(i.Usart_SendString) refers to stm32f10x_usart.o(i.USART_GetFlagStatus) for USART_GetFlagStatus
    usart.o(i._sys_exit) refers (Special) to use_no_semi_2.o(.text) for __use_no_semihosting
    usart.o(i.clear_buff) refers (Special) to use_no_semi_2.o(.text) for __use_no_semihosting
    usart.o(i.fputc) refers (Special) to use_no_semi_2.o(.text) for __use_no_semihosting
    usart.o(i.uart_init) refers (Special) to use_no_semi_2.o(.text) for __use_no_semihosting
    usart.o(i.uart_init) refers to stm32f10x_rcc.o(i.RCC_APB2PeriphClockCmd) for RCC_APB2PeriphClockCmd
    usart.o(i.uart_init) refers to stm32f10x_gpio.o(i.GPIO_Init) for GPIO_Init
    usart.o(i.uart_init) refers to misc.o(i.NVIC_Init) for NVIC_Init
    usart.o(i.uart_init) refers to stm32f10x_usart.o(i.USART_Init) for USART_Init
    usart.o(i.uart_init) refers to stm32f10x_usart.o(i.USART_ITConfig) for USART_ITConfig
    usart.o(i.uart_init) refers to stm32f10x_usart.o(i.USART_Cmd) for USART_Cmd
    usart.o(.data) refers (Special) to use_no_semi_2.o(.text) for __use_no_semihosting
    delay.o(i.SysTick_Handler) refers to tasks.o(i.xTaskGetSchedulerState) for xTaskGetSchedulerState
    delay.o(i.SysTick_Handler) refers to port.o(i.xPortSysTickHandler) for xPortSysTickHandler
    delay.o(i.delay_init) refers to misc.o(i.SysTick_CLKSourceConfig) for SysTick_CLKSourceConfig
    delay.o(i.delay_init) refers to system_stm32f10x.o(.data) for SystemCoreClock
    delay.o(i.delay_init) refers to delay.o(.data) for fac_us
    delay.o(i.delay_ms) refers to tasks.o(i.xTaskGetSchedulerState) for xTaskGetSchedulerState
    delay.o(i.delay_ms) refers to tasks.o(i.vTaskDelay) for vTaskDelay
    delay.o(i.delay_ms) refers to delay.o(i.delay_us) for delay_us
    delay.o(i.delay_ms) refers to delay.o(.data) for fac_ms
    delay.o(i.delay_us) refers to delay.o(.data) for fac_us
[...]
    i.USART_Init                             0x08000d24   Section        0  stm32f10x_usart.o(i.USART_Init)
    i.USART_ReceiveData                      0x08000dfc   Section        0  stm32f10x_usart.o(i.USART_ReceiveData)
    i.UsageFault_Handler                     0x08000e06   Section        0  stm32f10x_it.o(i.UsageFault_Handler)
    i.WS2812B_task                           0x08000e0a   Section        0  led_color.o(i.WS2812B_task)
    i.__ARM_fpclassify                       0x08000e24   Section        0  fpclassify.o(i.__ARM_fpclassify)
    i.__ieee754_rem_pio2                     0x08000e4c   Section        0  rred.o(i.__ieee754_rem_pio2)
    i.__kernel_cos                           0x080011d4   Section        0  cos_i.o(i.__kernel_cos)
    i.__kernel_poly                          0x080012d0   Section        0  poly.o(i.__kernel_poly)
    i.__kernel_sin                           0x0800137c   Section        0  sin_i.o(i.__kernel_sin)
    i.__mathlib_dbl_infnan                   0x08001468   Section        0  dunder.o(i.__mathlib_dbl_infnan)
    i.__mathlib_dbl_invalid                  0x0800146e   Section        0  dunder.o(i.__mathlib_dbl_invalid)
    i.__mathlib_dbl_underflow                0x0800147c   Section        0  dunder.o(i.__mathlib_dbl_underflow)
    i._sys_exit                              0x0800148c   Section        0  usart.o(i._sys_exit)
    i.all_off_2812                           0x08001490   Section        0  led_color.o(i.all_off_2812)
    i.bsp_InitSPIBus                         0x080014ac   Section        0  bsp_spi_bus.o(i.bsp_InitSPIBus)
    i.bsp_spiWrite1                          0x08001554   Section        0  bsp_spi_bus.o(i.bsp_spiWrite1)
    i.circle_flashing                        0x08001588   Section        0  led.o(i.circle_flashing)
    i.delay_init                             0x080015e4   Section        0  delay.o(i.delay_init)
    i.dispaly_star_mode                      0x08001640   Section        0  led_color.o(i.dispaly_star_mode)
    i.fputc                                  0x080018a4   Section        0  usart.o(i.fputc)
    i.main                                   0x080018c0   Section        0  main.o(i.main)
    i.prvAddCurrentTaskToDelayedList         0x080018f4   Section        0  tasks.o(i.prvAddCurrentTaskToDelayedList)
    prvAddCurrentTaskToDelayedList           0x080018f5   Thumb Code   124  tasks.o(i.prvAddCurrentTaskToDelayedList)
    i.prvAddNewTaskToReadyList               0x0800198c   Section        0  tasks.o(i.prvAddNewTaskToReadyList)
    prvAddNewTaskToReadyList                 0x0800198d   Thumb Code   156  tasks.o(i.prvAddNewTaskToReadyList)
    i.prvCheckForValidListAndQueue           0x08001a44   Section        0  timers.o(i.prvCheckForValidListAndQueue)
    prvCheckForValidListAndQueue             0x08001a45   Thumb Code    72  timers.o(i.prvCheckForValidListAndQueue)
    i.prvCheckTasksWaitingTermination        0x08001aa8   Section        0  tasks.o(i.prvCheckTasksWaitingTermination)
    prvCheckTasksWaitingTermination          0x08001aa9   Thumb Code    86  tasks.o(i.prvCheckTasksWaitingTermination)
    i.prvCopyDataFromQueue                   0x08001b0c   Section        0  queue.o(i.prvCopyDataFromQueue)
    prvCopyDataFromQueue                     0x08001b0d   Thumb Code    42  queue.o(i.prvCopyDataFromQueue)
    i.prvCopyDataToQueue                     0x08001b36   Section        0  queue.o(i.prvCopyDataToQueue)
    prvCopyDataToQueue                       0x08001b37   Thumb Code   124  queue.o(i.prvCopyDataToQueue)
    i.prvDeleteTCB                           0x08001bb2   Section        0  tasks.o(i.prvDeleteTCB)
    prvDeleteTCB                             0x08001bb3   Thumb Code    18  tasks.o(i.prvDeleteTCB)
    i.prvGetNextExpireTime                   0x08001bc4   Section        0  timers.o(i.prvGetNextExpireTime)
    prvGetNextExpireTime                     0x08001bc5   Thumb Code    36  timers.o(i.prvGetNextExpireTime)
    i.prvHeapInit                            0x08001bec   Section        0  heap_4.o(i.prvHeapInit)
    prvHeapInit                              0x08001bed   Thumb Code    98  heap_4.o(i.prvHeapInit)
    i.prvIdleTask                            0x08001c68   Section        0  tasks.o(i.prvIdleTask)
    prvIdleTask                              0x08001c69   Thumb Code    32  tasks.o(i.prvIdleTask)
    i.prvInitialiseNewQueue                  0x08001c90   Section        0  queue.o(i.prvInitialiseNewQueue)
    prvInitialiseNewQueue                    0x08001c91   Thumb Code    46  queue.o(i.prvInitialiseNewQueue)
    i.prvInitialiseNewTask                   0x08001cc0   Section        0  tasks.o(i.prvInitialiseNewTask)
    prvInitialiseNewTask                     0x08001cc1   Thumb Code   170  tasks.o(i.prvInitialiseNewTask)
    i.prvInitialiseTaskLists                 0x08001d90   Section        0  tasks.o(i.prvInitialiseTaskLists)
    prvInitialiseTaskLists                   0x08001d91   Thumb Code    70  tasks.o(i.prvInitialiseTaskLists)
    i.prvInsertBlockIntoFreeList             0x08001df8   Section        0  heap_4.o(i.prvInsertBlockIntoFreeList)
    prvInsertBlockIntoFreeList               0x08001df9   Thumb Code    96  heap_4.o(i.prvInsertBlockIntoFreeList)
    i.prvInsertTimerInActiveList             0x08001e60   Section        0  timers.o(i.prvInsertTimerInActiveList)
    prvInsertTimerInActiveList               0x08001e61   Thumb Code    80  timers.o(i.prvInsertTimerInActiveList)
    i.prvIsQueueEmpty                        0x08001eb8   Section        0  queue.o(i.prvIsQueueEmpty)
    prvIsQueueEmpty                          0x08001eb9   Thumb Code    26  queue.o(i.prvIsQueueEmpty)
    i.prvIsQueueFull                         0x08001ed2   Section        0  queue.o(i.prvIsQueueFull)
    prvIsQueueFull                           0x08001ed3   Thumb Code    30  queue.o(i.prvIsQueueFull)
    i.prvNotifyQueueSetContainer             0x08001ef0   Section        0  queue.o(i.prvNotifyQueueSetContainer)
    prvNotifyQueueSetContainer               0x08001ef1   Thumb Code   124  queue.o(i.prvNotifyQueueSetContainer)
    i.prvProcessExpiredTimer                 0x08001f90   Section        0  timers.o(i.prvProcessExpiredTimer)
    prvProcessExpiredTimer                   0x08001f91   Thumb Code    84  timers.o(i.prvProcessExpiredTimer)
    i.prvProcessReceivedCommands             0x08002010   Section        0  timers.o(i.prvProcessReceivedCommands)
    prvProcessReceivedCommands               0x08002011   Thumb Code   254  timers.o(i.prvProcessReceivedCommands)
    i.prvProcessTimerOrBlockTask             0x0800213c   Section        0  timers.o(i.prvProcessTimerOrBlockTask)
    prvProcessTimerOrBlockTask               0x0800213d   Thumb Code   102  timers.o(i.prvProcessTimerOrBlockTask)
    i.prvResetNextTaskUnblockTime            0x080021b0   Section        0  tasks.o(i.prvResetNextTaskUnblockTime)
    prvResetNextTaskUnblockTime              0x080021b1   Thumb Code    42  tasks.o(i.prvResetNextTaskUnblockTime)
    i.prvSampleTimeNow                       0x080021e4   Section        0  timers.o(i.prvSampleTimeNow)
    prvSampleTimeNow                         0x080021e5   Thumb Code    40  timers.o(i.prvSampleTimeNow)
    i.prvSwitchTimerLists                    0x08002210   Section        0  timers.o(i.prvSwitchTimerLists)
    prvSwitchTimerLists                      0x08002211   Thumb Code   140  timers.o(i.prvSwitchTimerLists)
    i.prvTaskExitError                       0x080022cc   Section        0  port.o(i.prvTaskExitError)
    prvTaskExitError                         0x080022cd   Thumb Code    48  port.o(i.prvTaskExitError)
    i.prvTimerTask                           0x0800233c   Section        0  timers.o(i.prvTimerTask)
    prvTimerTask                             0x0800233d   Thumb Code    26  timers.o(i.prvTimerTask)
    i.prvUnlockQueue                         0x08002356   Section        0  queue.o(i.prvUnlockQueue)
    prvUnlockQueue                           0x08002357   Thumb Code   146  queue.o(i.prvUnlockQueue)
    i.pvPortMalloc                           0x080023e8   Section        0  heap_4.o(i.pvPortMalloc)
    i.pvTaskIncrementMutexHeldCount          0x0800253c   Section        0  tasks.o(i.pvTaskIncrementMutexHeldCount)
    i.pxPortInitialiseStack                  0x0800255c   Section        0  port.o(i.pxPortInitialiseStack)
    i.select_seven_color                     0x08002580   Section        0  led_color.o(i.select_seven_color)
    i.sin                                    0x080025e4   Section        0  sin.o(i.sin)
    i.start_task                             0x08002684   Section        0  main.o(i.start_task)
    i.task_Init                              0x080026e4   Section        0  config.o(i.task_Init)
    i.uart_init                              0x08002708   Section        0  usart.o(i.uart_init)
    i.uxListRemove                           0x080027a8   Section        0  list.o(i.uxListRemove)
    i.vListInitialise                        0x080027d0   Section        0  list.o(i.vListInitialise)
    i.vListInitialiseItem                    0x080027ea   Section        0  list.o(i.vListInitialiseItem)
    i.vListInsert                            0x080027f0   Section        0  list.o(i.vListInsert)
    i.vListInsertEnd                         0x08002824   Section        0  list.o(i.vListInsertEnd)
    i.vPortEnterCritical                     0x0800283c   Section        0  port.o(i.vPortEnterCritical)
    i.vPortExitCritical                      0x080028c4   Section        0  port.o(i.vPortExitCritical)
    i.vPortFree                              0x08002934   Section        0  heap_4.o(i.vPortFree)
    i.vPortSetupTimerInterrupt               0x080029ec   Section        0  port.o(i.vPortSetupTimerInterrupt)
    i.vPortValidateInterruptPriority         0x08002a0c   Section        0  port.o(i.vPortValidateInterruptPriority)
    i.vQueueAddToRegistry                    0x08002aac   Section        0  queue.o(i.vQueueAddToRegistry)
    i.vQueueWaitForMessageRestricted         0x08002ad8   Section        0  queue.o(i.vQueueWaitForMessageRestricted)
    i.vTaskDelay                             0x08002b24   Section        0  tasks.o(i.vTaskDelay)
    i.vTaskDelayUntil                        0x08002b98   Section        0  tasks.o(i.vTaskDelayUntil)
    i.vTaskDelete                            0x08002c74   Section        0  tasks.o(i.vTaskDelete)
    i.vTaskMissedYield                       0x08002d80   Section        0  tasks.o(i.vTaskMissedYield)
    i.vTaskPlaceOnEventList                  0x08002d8c   Section        0  tasks.o(i.vTaskPlaceOnEventList)
    i.vTaskPlaceOnEventListRestricted        0x08002de0   Section        0  tasks.o(i.vTaskPlaceOnEventListRestricted)
    i.vTaskPriorityInherit                   0x08002e3c   Section        0  tasks.o(i.vTaskPriorityInherit)
    i.vTaskSetTimeOutState                   0x08002eec   Section        0  tasks.o(i.vTaskSetTimeOutState)
    i.vTaskStartScheduler                    0x08002f38   Section        0  tasks.o(i.vTaskStartScheduler)
    i.vTaskSuspendAll                        0x08002fe4   Section        0  tasks.o(i.vTaskSuspendAll)
    i.vTaskSwitchContext                     0x08002ff4   Section        0  tasks.o(i.vTaskSwitchContext)
    i.vWriteByte                             0x0800309c   Section        0  led_color.o(i.vWriteByte)
    i.vWriteColor                            0x080030c6   Section        0  led_color.o(i.vWriteColor)
    i.vWriteRst                              0x080030e2   Section        0  led_color.o(i.vWriteRst)
    i.xPortStartScheduler                    0x080030f8   Section        0  port.o(i.xPortStartScheduler)
    i.xPortSysTickHandler                    0x08003198   Section        0  port.o(i.xPortSysTickHandler)
    i.xQueueGenericCreate                    0x080031cc   Section        0  queue.o(i.xQueueGenericCreate)
    i.xQueueGenericReceive                   0x08003240   Section        0  queue.o(i.xQueueGenericReceive)
    i.xQueueGenericReset                     0x08003408   Section        0  queue.o(i.xQueueGenericReset)
    i.xQueueGenericSend                      0x080034b8   Section        0  queue.o(i.xQueueGenericSend)
    i.xQueueGenericSendFromISR               0x0800367c   Section        0  queue.o(i.xQueueGenericSendFromISR)
    i.xTaskCheckForTimeOut                   0x0800378c   Section        0  tasks.o(i.xTaskCheckForTimeOut)
    i.xTaskCreate                            0x0800382c   Section        0  tasks.o(i.xTaskCreate)
    i.xTaskGetSchedulerState                 0x0800388c   Section        0  tasks.o(i.xTaskGetSchedulerState)
    i.xTaskGetTickCount                      0x080038ac   Section        0  tasks.o(i.xTaskGetTickCount)
    i.xTaskIncrementTick                     0x080038b8   Section        0  tasks.o(i.xTaskIncrementTick)
    i.xTaskPriorityDisinherit                0x08003a18   Section        0  tasks.o(i.xTaskPriorityDisinherit)
    i.xTaskRemoveFromEventList               0x08003af0   Section        0  tasks.o(i.xTaskRemoveFromEventList)
    i.xTaskResumeAll                         0x08003ba4   Section        0  tasks.o(i.xTaskResumeAll)
    i.xTimerCreateTimerTask                  0x08003cc4   Section        0  timers.o(i.xTimerCreateTimerTask)
    i.xTimerGenericCommand                   0x08003d38   Section        0  timers.o(i.xTimerGenericCommand)
    x$fpl$d2f                                0x08003ddc   Section       98  d2f.o(x$fpl$d2f)
    x$fpl$dadd                               0x08003e40   Section      336  daddsub_clz.o(x$fpl$dadd)
    _dadd1                                   0x08003e51   Thumb Code     0  daddsub_clz.o(x$fpl$dadd)
    x$fpl$dcheck1                            0x08003f90   Section       16  dcheck1.o(x$fpl$dcheck1)
    x$fpl$ddiv                               0x08003fa0   Section      688  ddiv.o(x$fpl$ddiv)
    ddiv_entry                               0x08003fa7   Thumb Code     0  ddiv.o(x$fpl$ddiv)
    x$fpl$dfix                               0x08004250   Section       94  dfix.o(x$fpl$dfix)
    x$fpl$dflt                               0x080042ae   Section       46  dflt_clz.o(x$fpl$dflt)
    x$fpl$dfltu                              0x080042dc   Section       38  dflt_clz.o(x$fpl$dfltu)
    x$fpl$dmul                               0x08004304   Section      340  dmul.o(x$fpl$dmul)
    x$fpl$dnaninf                            0x08004458   Section      156  dnaninf.o(x$fpl$dnaninf)
    x$fpl$dretinf                            0x080044f4   Section       12  dretinf.o(x$fpl$dretinf)
    x$fpl$drsb                               0x08004500   Section       22  daddsub_clz.o(x$fpl$drsb)
    x$fpl$dsub                               0x08004518   Section      468  daddsub_clz.o(x$fpl$dsub)
    _dsub1                                   0x08004529   Thumb Code     0  daddsub_clz.o(x$fpl$dsub)
    x$fpl$f2d                                0x080046ec   Section       86  f2d.o(x$fpl$f2d)
    x$fpl$fadd                               0x08004744   Section      196  faddsub_clz.o(x$fpl$fadd)
    _fadd1                                   0x08004753   Thumb Code     0  faddsub_clz.o(x$fpl$fadd)
    x$fpl$ffltu                              0x08004808   Section       38  fflt_clz.o(x$fpl$ffltu)
    x$fpl$fnaninf                            0x0800482e   Section      140  fnaninf.o(x$fpl$fnaninf)
    x$fpl$fretinf                            0x080048ba   Section       10  fretinf.o(x$fpl$fretinf)
    x$fpl$fsub                               0x080048c4   Section      234  faddsub_clz.o(x$fpl$fsub)
    _fsub1                                   0x080048d3   Thumb Code     0  faddsub_clz.o(x$fpl$fsub)
    x$fpl$retnan                             0x080049ae   Section      100  retnan.o(x$fpl$retnan)
    x$fpl$scalbn                             0x08004a12   Section       92  scalbn.o(x$fpl$scalbn)
    x$fpl$trapveneer                         0x08004a6e   Section       48  trapv.o(x$fpl$trapveneer)
    x$fpl$usenofp                            0x08004a9e   Section        0  usenofp.o(x$fpl$usenofp)
    .constdata                               0x08004aa0   Section       48  cos_i.o(.constdata)
    C                                        0x08004aa0   Data          48  cos_i.o(.constdata)
    .constdata                               0x08004ad0   Section      200  rred.o(.constdata)
    pio2s                                    0x08004ad0   Data          48  rred.o(.constdata)
    twooverpi                                0x08004b00   Data         152  rred.o(.constdata)
    .constdata                               0x08004b98   Section       40  sin_i.o(.constdata)
    S                                        0x08004b98   Data          40  sin_i.o(.constdata)
    .data                                    0x20000000   Section       20  system_stm32f10x.o(.data)
    .data                                    0x20000014   Section        4  usart.o(.data)
    .data                                    0x20000018   Section        4  delay.o(.data)
    fac_us                                   0x20000018   Data           1  delay.o(.data)
    fac_ms                                   0x2000001a   Data           2  delay.o(.data)
    .data                                    0x2000001c   Section       32  led_color.o(.data)
    luminance_color                          0x2000001d   Data           1  led_color.o(.data)
    color_choose                             0x2000001e   Data           1  led_color.o(.data)
    limit_max_luminance                      0x2000001f   Data           1  led_color.o(.data)
    priod                                    0x20000020   Data           2  led_color.o(.data)
    MoveTimeCnt                              0x20000024   Data           4  led_color.o(.data)
    luminance_grade                          0x20000028   Data           1  led_color.o(.data)
    color_order                              0x20000029   Data           1  led_color.o(.data)
    last_time                                0x2000002c   Data           4  led_color.o(.data)
    phase_select                             0x20000030   Data           1  led_color.o(.data)
    luminance_color                          0x20000031   Data           1  led_color.o(.data)
    color_choose                             0x20000032   Data           1  led_color.o(.data)
    limit_max_luminance                      0x20000033   Data           1  led_color.o(.data)
    priod                                    0x20000034   Data           2  led_color.o(.data)
    MoveTimeCnt                              0x20000038   Data           4  led_color.o(.data)
    .data                                    0x2000003c   Section       20  stm32f10x_rcc.o(.data)
    APBAHBPrescTable                         0x2000003c   Data          16  stm32f10x_rcc.o(.data)
    ADCPrescTable                            0x2000004c   Data           4  stm32f10x_rcc.o(.data)
    .data                                    0x20000050   Section       60  tasks.o(.data)
    pxDelayedTaskList                        0x20000054   Data           4  tasks.o(.data)
    pxOverflowDelayedTaskList                0x20000058   Data           4  tasks.o(.data)
    uxDeletedTasksWaitingCleanUp             0x2000005c   Data           4  tasks.o(.data)
    uxCurrentNumberOfTasks                   0x20000060   Data           4  tasks.o(.data)
    xTickCount                               0x20000064   Data           4  tasks.o(.data)
    uxTopReadyPriority                       0x20000068   Data           4  tasks.o(.data)
    xSchedulerRunning                        0x2000006c   Data           4  tasks.o(.data)
    uxPendedTicks                            0x20000070   Data           4  tasks.o(.data)
    xYieldPending                            0x20000074   Data           4  tasks.o(.data)
    xNumOfOverflows                          0x20000078   Data           4  tasks.o(.data)
    uxTaskNumber                             0x2000007c   Data           4  tasks.o(.data)
    xNextTaskUnblockTime                     0x20000080   Data           4  tasks.o(.data)
    xIdleTaskHandle                          0x20000084   Data           4  tasks.o(.data)
    uxSchedulerSuspended                     0x20000088   Data           4  tasks.o(.data)
    .data                                    0x2000008c   Section       20  timers.o(.data)
    pxCurrentTimerList                       0x2000008c   Data           4  timers.o(.data)
    pxOverflowTimerList                      0x20000090   Data           4  timers.o(.data)
    xTimerQueue                              0x20000094   Data           4  timers.o(.data)
    xTimerTaskHandle                         0x20000098   Data           4  timers.o(.data)
    xLastTime                                0x2000009c   Data           4  timers.o(.data)
    .data                                    0x200000a0   Section       24  heap_4.o(.data)
    xStart                                   0x200000a0   Data           8  heap_4.o(.data)
    pxEnd                                    0x200000a8   Data           4  heap_4.o(.data)
    xFreeBytesRemaining                      0x200000ac   Data           4  heap_4.o(.data)
    xMinimumEverFreeBytesRemaining           0x200000b0   Data           4  heap_4.o(.data)
    xBlockAllocatedBit                       0x200000b4   Data           4  heap_4.o(.data)
    .data                                    0x200000b8   Section       12  port.o(.data)
    uxCriticalNesting                        0x200000b8   Data           4  port.o(.data)
    ucMaxSysCallPriority                     0x200000bc   Data           1  port.o(.data)
    ulMaxPRIGROUPValue                       0x200000c0   Data           4  port.o(.data)
    .bss                                     0x200000c4   Section      180  led_color.o(.bss)
    .bss                                     0x20000178   Section       64  queue.o(.bss)
    .bss                                     0x200001b8   Section      740  tasks.o(.bss)
    pxReadyTasksLists                        0x200001b8   Data         640  tasks.o(.bss)
    xDelayedTaskList1                        0x20000438   Data          20  tasks.o(.bss)
    xDelayedTaskList2                        0x2000044c   Data          20  tasks.o(.bss)
    xPendingReadyList                        0x20000460   Data          20  tasks.o(.bss)
    xTasksWaitingTermination                 0x20000474   Data          20  tasks.o(.bss)
    xSuspendedTaskList                       0x20000488   Data          20  tasks.o(.bss)
    .bss                                     0x2000049c   Section       40  timers.o(.bss)
    xActiveTimerList1                        0x2000049c   Data          20  timers.o(.bss)
    xActiveTimerList2                        0x200004b0   Data          20  timers.o(.bss)
    .bss                                     0x200004c4   Section    10240  heap_4.o(.bss)
    ucHeap                                   0x200004c4   Data       10240  heap_4.o(.bss)
    .bss                                     0x20002cc4   Section       96  libspace.o(.bss)
    HEAP                                     0x20002d28   Section      512  startup_stm32f10x_md.o(HEAP)
    Heap_Mem                                 0x20002d28   Data         512  startup_stm32f10x_md.o(HEAP)
    STACK                                    0x20002f28   Section     1024  startup_stm32f10x_md.o(STACK)
    Stack_Mem                                0x20002f28   Data        1024  startup_stm32f10x_md.o(STACK)
    __initial_sp                             0x20003328   Data           0  startup_stm32f10x_md.o(STACK)

    Global Symbols

    Symbol Name                              Value     Ov Type        Size  Object(Section)

    BuildAttributes$$THM_ISAv4$P$D$K$B$S$PE$A:L22UL41UL21$X:L11$S22US41US21$IEEE1$IW$USESV6$~STKCKD$USESV7$~SHL$OTIME$ROPI$IEEEX$EBA8$UX$STANDARDLIB$REQ8$PRES8$EABIv2 0x00000000   Number         0  anon$$obj.o ABSOLUTE
    __ARM_use_no_argv                        0x00000000   Number         0  main.o ABSOLUTE
    __ARM_exceptions_init                     - Undefined Weak Reference
    __alloca_initialize                       - Undefined Weak Reference
    __arm_preinit_                            - Undefined Weak Reference
    __cpp_initialize__aeabi_                  - Undefined Weak Reference
    __cxa_finalize                            - Undefined Weak Reference
    __rt_locale                               - Undefined Weak Reference
    __sigvec_lookup                           - Undefined Weak Reference
    _atexit_init                              - Undefined Weak Reference
    _call_atexit_fns                          - Undefined Weak Reference
    _clock_init                               - Undefined Weak Reference
    _fp_trap_init                             - Undefined Weak Reference
    _fp_trap_shutdown                         - Undefined Weak Reference
    _get_lc_collate                           - Undefined Weak Reference
    _get_lc_ctype                             - Undefined Weak Reference
    _get_lc_monetary                          - Undefined Weak Reference
    _get_lc_numeric                           - Undefined Weak Reference
    _get_lc_time                              - Undefined Weak Reference
    _getenv_init                              - Undefined Weak Reference
    _handle_redirection                       - Undefined Weak Reference
    _init_alloc                               - Undefined Weak Reference
    _init_user_alloc                          - Undefined Weak Reference
    _initio                                   - Undefined Weak Reference
    _mutex_acquire                            - Undefined Weak Reference
    _mutex_release                            - Undefined Weak Reference
    _printf_mbtowc                            - Undefined Weak Reference
    _printf_post_padding                      - Undefined Weak Reference
    _printf_pre_padding                       - Undefined Weak Reference
    _printf_truncate_signed                   - Undefined Weak Reference
    _printf_truncate_unsigned                 - Undefined Weak Reference
    _rand_init                                - Undefined Weak Reference
    _signal_finish                            - Undefined Weak Reference
    _signal_init                              - Undefined Weak Reference
    _terminate_alloc                          - Undefined Weak Reference
    _terminate_user_alloc                     - Undefined Weak Reference
    _terminateio                              - Undefined Weak Reference
    __Vectors_Size                           0x000000ec   Number         0  startup_stm32f10x_md.o ABSOLUTE
    __Vectors                                0x08000000   Data           4  startup_stm32f10x_md.o(RESET)
    __Vectors_End                            0x080000ec   Data           0  startup_stm32f10x_md.o(RESET)
    __main                                   0x080000ed   Thumb Code     8  __main.o(!!!main)
    __scatterload                            0x080000f5   Thumb Code     0  __scatter.o(!!!scatter)
    __scatterload_rt2                        0x080000f5   Thumb Code    44  __scatter.o(!!!scatter)
    __scatterload_rt2_thumb_only             0x080000f5   Thumb Code     0  __scatter.o(!!!scatter)
    __scatterload_null                       0x08000103   Thumb Code     0  __scatter.o(!!!scatter)
    __scatterload_copy                       0x08000129   Thumb Code    26  __scatter_copy.o(!!handler_copy)
    __scatterload_zeroinit                   0x08000145   Thumb Code    28  __scatter_zi.o(!!handler_zi)
    _printf_d                                0x08000161   Thumb Code     0  _printf_d.o(.ARM.Collect$$_printf_percent$$00000009)
    _printf_percent                          0x08000161   Thumb Code     0  _printf_percent.o(.ARM.Collect$$_printf_percent$$00000000)
    _printf_s                                0x08000167   Thumb Code     0  _printf_s.o(.ARM.Collect$$_printf_percent$$00000014)
    _printf_percent_end                      0x0800016d   Thumb Code     0  _printf_percent_end.o(.ARM.Collect$$_printf_percent$$00000017)
    __rt_lib_init                            0x08000171   Thumb Code     0  libinit.o(.ARM.Collect$$libinit$$00000000)
    __rt_lib_init_alloca_1                   0x08000173   Thumb Code     0  libinit2.o(.ARM.Collect$$libinit$$0000002E)
    __rt_lib_init_argv_1                     0x08000173   Thumb Code     0  libinit2.o(.ARM.Collect$$libinit$$0000002C)
    __rt_lib_init_atexit_1                   0x08000173   Thumb Code     0  libinit2.o(.ARM.Collect$$libinit$$0000001B)
    __rt_lib_init_clock_1                    0x08000173   Thumb Code     0  libinit2.o(.ARM.Collect$$libinit$$00000021)
    __rt_lib_init_cpp_1                      0x08000173   Thumb Code     0  libinit2.o(.ARM.Collect$$libinit$$00000032)
    __rt_lib_init_exceptions_1               0x08000173   Thumb Code     0  libinit2.o(.ARM.Collect$$libinit$$00000030)
    __rt_lib_init_fp_1                       0x08000173   Thumb Code     0  libinit2.o(.ARM.Collect$$libinit$$00000002)
    __rt_lib_init_fp_trap_1                  0x08000173   Thumb Code     0  libinit2.o(.ARM.Collect$$libinit$$0000001F)
    __rt_lib_init_getenv_1                   0x08000173   Thumb Code     0  libinit2.o(.ARM.Collect$$libinit$$00000023)
    __rt_lib_init_heap_1                     0x08000173   Thumb Code     0  libinit2.o(.ARM.Collect$$libinit$$0000000A)
    __rt_lib_init_lc_collate_1               0x08000173   Thumb Code     0  libinit2.o(.ARM.Collect$$libinit$$00000011)
    __rt_lib_init_lc_ctype_1                 0x08000173   Thumb Code     0  libinit2.o(.ARM.Collect$$libinit$$00000013)
    __rt_lib_init_lc_monetary_1              0x08000173   Thumb Code     0  libinit2.o(.ARM.Collect$$libinit$$00000015)
    __rt_lib_init_lc_numeric_1               0x08000173   Thumb Code     0  libinit2.o(.ARM.Collect$$libinit$$00000017)
    __rt_lib_init_lc_time_1                  0x08000173   Thumb Code     0  libinit2.o(.ARM.Collect$$libinit$$00000019)
    __rt_lib_init_preinit_1                  0x08000173   Thumb Code     0  libinit2.o(.ARM.Collect$$libinit$$00000004)
    __rt_lib_init_rand_1                     0x08000173   Thumb Code     0  libinit2.o(.ARM.Collect$$libinit$$0000000E)
    __rt_lib_init_return                     0x08000173   Thumb Code     0  libinit2.o(.ARM.Collect$$libinit$$00000033)
    __rt_lib_init_signal_1                   0x08000173   Thumb Code     0  libinit2.o(.ARM.Collect$$libinit$$0000001D)
    __rt_lib_init_stdio_1                    0x08000173   Thumb Code     0  libinit2.o(.ARM.Collect$$libinit$$00000025)
    __rt_lib_init_user_alloc_1               0x08000173   Thumb Code     0  libinit2.o(.ARM.Collect$$libinit$$0000000C)
    __rt_lib_shutdown                        0x08000175   Thumb Code     0  libshutdown.o(.ARM.Collect$$libshutdown$$00000000)
    __rt_lib_shutdown_cpp_1                  0x08000177   Thumb Code     0  libshutdown2.o(.ARM.Collect$$libshutdown$$00000002)
    __rt_lib_shutdown_fp_trap_1              0x08000177   Thumb Code     0  libshutdown2.o(.ARM.Collect$$libshutdown$$00000007)
    __rt_lib_shutdown_heap_1                 0x08000177   Thumb Code     0  libshutdown2.o(.ARM.Collect$$libshutdown$$0000000F)
    __rt_lib_shutdown_return                 0x08000177   Thumb Code     0  libshutdown2.o(.ARM.Collect$$libshutdown$$00000010)
    __rt_lib_shutdown_signal_1               0x08000177   Thumb Code     0  libshutdown2.o(.ARM.Collect$$libshutdown$$0000000A)
    __rt_lib_shutdown_stdio_1                0x08000177   Thumb Code     0  libshutdown2.o(.ARM.Collect$$libshutdown$$00000004)
    __rt_lib_shutdown_user_alloc_1           0x08000177   Thumb Code     0  libshutdown2.o(.ARM.Collect$$libshutdown$$0000000C)
    __rt_entry                               0x08000179   Thumb Code     0  __rtentry.o(.ARM.Collect$$rtentry$$00000000)
    __rt_entry_presh_1                       0x08000179   Thumb Code     0  __rtentry2.o(.ARM.Collect$$rtentry$$00000002)
    __rt_entry_sh                            0x08000179   Thumb Code     0  __rtentry4.o(.ARM.Collect$$rtentry$$00000004)
    __rt_entry_li                            0x0800017f   Thumb Code     0  __rtentry2.o(.ARM.Collect$$rtentry$$0000000A)
    __rt_entry_postsh_1                      0x0800017f   Thumb Code     0  __rtentry2.o(.ARM.Collect$$rtentry$$00000009)
    __rt_entry_main                          0x08000183   Thumb Code     0  __rtentry2.o(.ARM.Collect$$rtentry$$0000000D)
    __rt_entry_postli_1                      0x08000183   Thumb Code     0  __rtentry2.o(.ARM.Collect$$rtentry$$0000000C)
    __rt_exit                                0x0800018b   Thumb Code     0  rtexit.o(.ARM.Collect$$rtexit$$00000000)
    __rt_exit_ls                             0x0800018d   Thumb Code     0  rtexit2.o(.ARM.Collect$$rtexit$$00000003)
    __rt_exit_prels_1                        0x0800018d   Thumb Code     0  rtexit2.o(.ARM.Collect$$rtexit$$00000002)
    __rt_exit_exit                           0x08000191   Thumb Code     0  rtexit2.o(.ARM.Collect$$rtexit$$00000004)
    SVC_Handler                              0x08000199   Thumb Code    32  port.o(.emb_text)
    __asm___6_port_c_39a90d8d__prvStartFirstTask 0x080001bd   Thumb Code    28  port.o(.emb_text)
    PendSV_Handler                           0x080001dd   Thumb Code    72  port.o(.emb_text)
    vPortGetIPSR                             0x08000229   Thumb Code     6  port.o(.emb_text)
    Reset_Handler                            0x08000231   Thumb Code     8  startup_stm32f10x_md.o(.text)
    ADC1_2_IRQHandler                        0x0800024b   Thumb Code     0  startup_stm32f10x_md.o(.text)
    CAN1_RX1_IRQHandler                      0x0800024b   Thumb Code     0  startup_stm32f10x_md.o(.text)
    CAN1_SCE_IRQHandler                      0x0800024b   Thumb Code     0  startup_stm32f10x_md.o(.text)
    DMA1_Channel1_IRQHandler                 0x0800024b   Thumb Code     0  startup_stm32f10x_md.o(.text)
    DMA1_Channel2_IRQHandler                 0x0800024b   Thumb Code     0  startup_stm32f10x_md.o(.text)
    DMA1_Channel3_IRQHandler                 0x0800024b   Thumb Code     0  startup_stm32f10x_md.o(.text)
    DMA1_Channel4_IRQHandler                 0x0800024b   Thumb Code     0  startup_stm32f10x_md.o(.text)
    DMA1_Channel5_IRQHandler                 0x0800024b   Thumb Code     0  startup_stm32f10x_md.o(.text)
    DMA1_Channel6_IRQHandler                 0x0800024b   Thumb Code     0  startup_stm32f10x_md.o(.text)
    DMA1_Channel7_IRQHandler                 0x0800024b   Thumb Code     0  startup_stm32f10x_md.o(.text)
    EXTI0_IRQHandler                         0x0800024b   Thumb Code     0  startup_stm32f10x_md.o(.text)
    EXTI15_10_IRQHandler                     0x0800024b   Thumb Code     0  startup_stm32f10x_md.o(.text)
    EXTI1_IRQHandler                         0x0800024b   Thumb Code     0  startup_stm32f10x_md.o(.text)
    EXTI2_IRQHandler                         0x0800024b   Thumb Code     0  startup_stm32f10x_md.o(.text)
    EXTI3_IRQHandler                         0x0800024b   Thumb Code     0  startup_stm32f10x_md.o(.text)
    EXTI4_IRQHandler                         0x0800024b   Thumb Code     0  startup_stm32f10x_md.o(.text)
    EXTI9_5_IRQHandler                       0x0800024b   Thumb Code     0  startup_stm32f10x_md.o(.text)
    FLASH_IRQHandler                         0x0800024b   Thumb Code     0  startup_stm32f10x_md.o(.text)
    I2C1_ER_IRQHandler                       0x0800024b   Thumb Code     0  startup_stm32f10x_md.o(.text)
    I2C1_EV_IRQHandler                       0x0800024b   Thumb Code     0  startup_stm32f10x_md.o(.text)
    I2C2_ER_IRQHandler                       0x0800024b   Thumb Code     0  startup_stm32f10x_md.o(.text)
    I2C2_EV_IRQHandler                       0x0800024b   Thumb Code     0  startup_stm32f10x_md.o(.text)
    PVD_IRQHandler                           0x0800024b   Thumb Code     0  startup_stm32f10x_md.o(.text)
    RCC_IRQHandler                           0x0800024b   Thumb Code     0  startup_stm32f10x_md.o(.text)
    RTCAlarm_IRQHandler                      0x0800024b   Thumb Code     0  startup_stm32f10x_md.o(.text)
    RTC_IRQHandler                           0x0800024b   Thumb Code     0  startup_stm32f10x_md.o(.text)
    SPI1_IRQHandler                          0x0800024b   Thumb Code     0  startup_stm32f10x_md.o(.text)
    SPI2_IRQHandler                          0x0800024b   Thumb Code     0  startup_stm32f10x_md.o(.text)
    TAMPER_IRQHandler                        0x0800024b   Thumb Code     0  startup_stm32f10x_md.o(.text)
    TIM1_BRK_IRQHandler                      0x0800024b   Thumb Code     0  startup_stm32f10x_md.o(.text)
    TIM1_CC_IRQHandler                       0x0800024b   Thumb Code     0  startup_stm32f10x_md.o(.text)
    TIM1_TRG_COM_IRQHandler                  0x0800024b   Thumb Code     0  startup_stm32f10x_md.o(.text)
    TIM1_UP_IRQHandler                       0x0800024b   Thumb Code     0  startup_stm32f10x_md.o(.text)
    TIM2_IRQHandler                          0x0800024b   Thumb Code     0  startup_stm32f10x_md.o(.text)
    TIM3_IRQHandler                          0x0800024b   Thumb Code     0  startup_stm32f10x_md.o(.text)
    TIM4_IRQHandler                          0x0800024b   Thumb Code     0  startup_stm32f10x_md.o(.text)
    USART2_IRQHandler                        0x0800024b   Thumb Code     0  startup_stm32f10x_md.o(.text)
    USART3_IRQHandler                        0x0800024b   Thumb Code     0  startup_stm32f10x_md.o(.text)
    USBWakeUp_IRQHandler                     0x0800024b   Thumb Code     0  startup_stm32f10x_md.o(.text)
    USB_HP_CAN1_TX_IRQHandler                0x0800024b   Thumb Code     0  startup_stm32f10x_md.o(.text)
    USB_LP_CAN1_RX0_IRQHandler               0x0800024b   Thumb Code     0  startup_stm32f10x_md.o(.text)
    WWDG_IRQHandler                          0x0800024b   Thumb Code     0  startup_stm32f10x_md.o(.text)
    __user_initial_stackheap                 0x0800024d   Thumb Code     0  startup_stm32f10x_md.o(.text)
    __use_no_semihosting                     0x08000271   Thumb Code     2  use_no_semi_2.o(.text)
    __2printf                                0x08000275   Thumb Code    20  noretval__2printf.o(.text)
    __printf                                 0x0800028d   Thumb Code   104  __printf.o(.text)
    _printf_str                              0x080002f5   Thumb Code    82  _printf_str.o(.text)
    _printf_int_dec                          0x08000349   Thumb Code   104  _printf_dec.o(.text)
    __aeabi_memcpy                           0x080003c1   Thumb Code     0  rt_memcpy_v6.o(.text)
    __rt_memcpy                              0x080003c1   Thumb Code   138  rt_memcpy_v6.o(.text)
    _memcpy_lastbytes                        0x08000427   Thumb Code     0  rt_memcpy_v6.o(.text)
    __aeabi_memset                           0x0800044b   Thumb Code    16  aeabi_memset.o(.text)
    __use_two_region_memory                  0x0800045b   Thumb Code     2  heapauxi.o(.text)
    __rt_heap_escrow$2region                 0x0800045d   Thumb Code     2  heapauxi.o(.text)
    __rt_heap_expand$2region                 0x0800045f   Thumb Code     2  heapauxi.o(.text)
    __I$use$semihosting                      0x08000461   Thumb Code     0  use_no_semi.o(.text)
    __use_no_semihosting_swi                 0x08000461   Thumb Code     2  use_no_semi.o(.text)
    __read_errno                             0x08000463   Thumb Code    10  _rserrno.o(.text)
    __set_errno                              0x0800046d   Thumb Code    12  _rserrno.o(.text)
    _printf_int_common                       0x08000479   Thumb Code   178  _printf_intcommon.o(.text)
    _printf_char_common                      0x08000537   Thumb Code    32  _printf_char_common.o(.text)
    _printf_cs_common                        0x0800055d   Thumb Code    20  _printf_char.o(.text)
    _printf_char                             0x08000571   Thumb Code    16  _printf_char.o(.text)
    _printf_string                           0x08000581   Thumb Code     8  _printf_char.o(.text)
    _printf_char_file                        0x08000589   Thumb Code    32  _printf_char_file.o(.text)
    __aeabi_memcpy4                          0x080005ad   Thumb Code     0  rt_memcpy_w.o(.text)
    __aeabi_memcpy8                          0x080005ad   Thumb Code     0  rt_memcpy_w.o(.text)
    __rt_memcpy_w                            0x080005ad   Thumb Code   100  rt_memcpy_w.o(.text)
    _memcpy_lastbytes_aligned                0x080005f5   Thumb Code     0  rt_memcpy_w.o(.text)
    __aeabi_memclr                           0x08000611   Thumb Code     0  rt_memclr.o(.text)
    __rt_memclr                              0x08000611   Thumb Code    68  rt_memclr.o(.text)
    _memset                                  0x08000615   Thumb Code     0  rt_memclr.o(.text)
    __aeabi_errno_addr                       0x08000655   Thumb Code     8  rt_errno_addr_intlibspace.o(.text)
    __errno$intlibspace                      0x08000655   Thumb Code     0  rt_errno_addr_intlibspace.o(.text)
    __rt_errno_addr$intlibspace              0x08000655   Thumb Code     0  rt_errno_addr_intlibspace.o(.text)
    ferror                                   0x0800065d   Thumb Code     8  ferror.o(.text)
    __aeabi_memclr4                          0x08000665   Thumb Code     0  rt_memclr_w.o(.text)
    __aeabi_memclr8                          0x08000665   Thumb Code     0  rt_memclr_w.o(.text)
    __rt_memclr_w                            0x08000665   Thumb Code    78  rt_memclr_w.o(.text)
    _memset_w                                0x08000669   Thumb Code     0  rt_memclr_w.o(.text)
    __user_libspace                          0x080006b5   Thumb Code     8  libspace.o(.text)
    __user_perproc_libspace                  0x080006b5   Thumb Code     0  libspace.o(.text)
    __user_perthread_libspace                0x080006b5   Thumb Code     0  libspace.o(.text)
    __user_setup_stackheap                   0x080006bd   Thumb Code    74  sys_stackheap_outer.o(.text)
    exit                                     0x08000707   Thumb Code    18  exit.o(.text)
    BusFault_Handler                         0x08000719   Thumb Code     4  stm32f10x_it.o(i.BusFault_Handler)
    DebugMon_Handler                         0x0800071d   Thumb Code     2  stm32f10x_it.o(i.DebugMon_Handler)
    GPIO_Init                                0x0800071f   Thumb Code   278  stm32f10x_gpio.o(i.GPIO_Init)
    GPIO_ResetBits                           0x08000835   Thumb Code     4  stm32f10x_gpio.o(i.GPIO_ResetBits)
    GPIO_SetBits                             0x08000839   Thumb Code     4  stm32f10x_gpio.o(i.GPIO_SetBits)
    HardFault_Handler                        0x0800083d   Thumb Code     4  stm32f10x_it.o(i.HardFault_Handler)
    LED_Init                                 0x08000841   Thumb Code    50  led.o(i.LED_Init)
    LED_task                                 0x08000879   Thumb Code    28  led.o(i.LED_task)
    MemManage_Handler                        0x08000895   Thumb Code     4  stm32f10x_it.o(i.MemManage_Handler)
    NMI_Handler                              0x08000899   Thumb Code     2  stm32f10x_it.o(i.NMI_Handler)
    NVIC_Init                                0x0800089d   Thumb Code   100  misc.o(i.NVIC_Init)
    NVIC_PriorityGroupConfig                 0x0800090d   Thumb Code    10  misc.o(i.NVIC_PriorityGroupConfig)
    RCC_APB1PeriphClockCmd                   0x08000921   Thumb Code    26  stm32f10x_rcc.o(i.RCC_APB1PeriphClockCmd)
    RCC_APB2PeriphClockCmd                   0x08000941   Thumb Code    26  stm32f10x_rcc.o(i.RCC_APB2PeriphClockCmd)
    RCC_GetClocksFreq                        0x08000961   Thumb Code   192  stm32f10x_rcc.o(i.RCC_GetClocksFreq)
    SPI_Cmd                                  0x08000a35   Thumb Code    24  stm32f10x_spi.o(i.SPI_Cmd)
    SPI_I2S_GetFlagStatus                    0x08000a4d   Thumb Code    18  stm32f10x_spi.o(i.SPI_I2S_GetFlagStatus)
    SPI_I2S_ReceiveData                      0x08000a5f   Thumb Code     6  stm32f10x_spi.o(i.SPI_I2S_ReceiveData)
    SPI_I2S_SendData                         0x08000a65   Thumb Code     4  stm32f10x_spi.o(i.SPI_I2S_SendData)
    SPI_Init                                 0x08000a69   Thumb Code    60  stm32f10x_spi.o(i.SPI_Init)
    SW2812_arr                               0x08000aa5   Thumb Code    44  led_color.o(i.SW2812_arr)
    SysTick_CLKSourceConfig                  0x08000bb9   Thumb Code    40  misc.o(i.SysTick_CLKSourceConfig)
    SysTick_Handler                          0x08000be1   Thumb Code    16  delay.o(i.SysTick_Handler)
    SystemInit                               0x08000bf1   Thumb Code    78  system_stm32f10x.o(i.SystemInit)
    USART1_IRQHandler                        0x08000c51   Thumb Code    24  usart.o(i.USART1_IRQHandler)
    USART_Cmd                                0x08000c6d   Thumb Code    24  stm32f10x_usart.o(i.USART_Cmd)
    USART_GetITStatus                        0x08000c85   Thumb Code    84  stm32f10x_usart.o(i.USART_GetITStatus)
    USART_ITConfig                           0x08000cd9   Thumb Code    74  stm32f10x_usart.o(i.USART_ITConfig)
    USART_Init                               0x08000d25   Thumb Code   210  stm32f10x_usart.o(i.USART_Init)
    USART_ReceiveData                        0x08000dfd   Thumb Code    10  stm32f10x_usart.o(i.USART_ReceiveData)
    UsageFault_Handler                       0x08000e07   Thumb Code     4  stm32f10x_it.o(i.UsageFault_Handler)
    WS2812B_task                             0x08000e0b   Thumb Code    26  led_color.o(i.WS2812B_task)
    __ARM_fpclassify                         0x08000e25   Thumb Code    40  fpclassify.o(i.__ARM_fpclassify)
    __ieee754_rem_pio2                       0x08000e4d   Thumb Code   828  rred.o(i.__ieee754_rem_pio2)
    __kernel_cos                             0x080011d5   Thumb Code   230  cos_i.o(i.__kernel_cos)
    __kernel_poly                            0x080012d1   Thumb Code   170  poly.o(i.__kernel_poly)
    __kernel_sin                             0x0800137d   Thumb Code   224  sin_i.o(i.__kernel_sin)
    __mathlib_dbl_infnan                     0x08001469   Thumb Code     6  dunder.o(i.__mathlib_dbl_infnan)
    __mathlib_dbl_invalid                    0x0800146f   Thumb Code    12  dunder.o(i.__mathlib_dbl_invalid)
    __mathlib_dbl_underflow                  0x0800147d   Thumb Code    10  dunder.o(i.__mathlib_dbl_underflow)
    _sys_exit                                0x0800148d   Thumb Code     4  usart.o(i._sys_exit)
    all_off_2812                             0x08001491   Thumb Code    28  led_color.o(i.all_off_2812)
    bsp_InitSPIBus                           0x080014ad   Thumb Code   158  bsp_spi_bus.o(i.bsp_InitSPIBus)
    bsp_spiWrite1                            0x08001555   Thumb Code    48  bsp_spi_bus.o(i.bsp_spiWrite1)
    circle_flashing                          0x08001589   Thumb Code    88  led.o(i.circle_flashing)
    delay_init                               0x080015e5   Thumb Code    74  delay.o(i.delay_init)
    dispaly_star_mode                        0x08001641   Thumb Code   552  led_color.o(i.dispaly_star_mode)
    fputc                                    0x080018a5   Thumb Code    24  usart.o(i.fputc)
    main                                     0x080018c1   Thumb Code    34  main.o(i.main)
    pvPortMalloc                             0x080023e9   Thumb Code   262  heap_4.o(i.pvPortMalloc)
    pvTaskIncrementMutexHeldCount            0x0800253d   Thumb Code    26  tasks.o(i.pvTaskIncrementMutexHeldCount)
    pxPortInitialiseStack                    0x0800255d   Thumb Code    30  port.o(i.pxPortInitialiseStack)
    select_seven_color                       0x08002581   Thumb Code    98  led_color.o(i.select_seven_color)
    sin                                      0x080025e5   Thumb Code   150  sin.o(i.sin)
    start_task                               0x08002685   Thumb Code    60  main.o(i.start_task)
    task_Init                                0x080026e5   Thumb Code    36  config.o(i.task_Init)
    uart_init                                0x08002709   Thumb Code   152  usart.o(i.uart_init)
    uxListRemove                             0x080027a9   Thumb Code    40  list.o(i.uxListRemove)
    vListInitialise                          0x080027d1   Thumb Code    26  list.o(i.vListInitialise)
    vListInitialiseItem                      0x080027eb   Thumb Code     6  list.o(i.vListInitialiseItem)
    vListInsert                              0x080027f1   Thumb Code    52  list.o(i.vListInsert)
    vListInsertEnd                           0x08002825   Thumb Code    24  list.o(i.vListInsertEnd)
    vPortEnterCritical                       0x0800283d   Thumb Code    68  port.o(i.vPortEnterCritical)
    vPortExitCritical                        0x080028c5   Thumb Code    48  port.o(i.vPortExitCritical)
    vPortFree                                0x08002935   Thumb Code   120  heap_4.o(i.vPortFree)
    vPortSetupTimerInterrupt                 0x080029ed   Thumb Code    26  port.o(i.vPortSetupTimerInterrupt)
    vPortValidateInterruptPriority           0x08002a0d   Thumb Code    86  port.o(i.vPortValidateInterruptPriority)
    vQueueAddToRegistry                      0x08002aad   Thumb Code    38  queue.o(i.vQueueAddToRegistry)
    vQueueWaitForMessageRestricted           0x08002ad9   Thumb Code    74  queue.o(i.vQueueWaitForMessageRestricted)
    vTaskDelay                               0x08002b25   Thumb Code    72  tasks.o(i.vTaskDelay)
    vTaskDelayUntil                          0x08002b99   Thumb Code   170  tasks.o(i.vTaskDelayUntil)
    vTaskDelete                              0x08002c75   Thumb Code   192  tasks.o(i.vTaskDelete)
    vTaskMissedYield                         0x08002d81   Thumb Code     8  tasks.o(i.vTaskMissedYield)
    vTaskPlaceOnEventList                    0x08002d8d   Thumb Code    42  tasks.o(i.vTaskPlaceOnEventList)
    vTaskPlaceOnEventListRestricted          0x08002de1   Thumb Code    50  tasks.o(i.vTaskPlaceOnEventListRestricted)
    vTaskPriorityInherit                     0x08002e3d   Thumb Code   164  tasks.o(i.vTaskPriorityInherit)
    vTaskSetTimeOutState                     0x08002eed   Thumb Code    32  tasks.o(i.vTaskSetTimeOutState)
    vTaskStartScheduler                      0x08002f39   Thumb Code   108  tasks.o(i.vTaskStartScheduler)
    vTaskSuspendAll                          0x08002fe5   Thumb Code    12  tasks.o(i.vTaskSuspendAll)
    vTaskSwitchContext                       0x08002ff5   Thumb Code   110  tasks.o(i.vTaskSwitchContext)
    vWriteByte                               0x0800309d   Thumb Code    42  led_color.o(i.vWriteByte)
    vWriteColor                              0x080030c7   Thumb Code    28  led_color.o(i.vWriteColor)
    vWriteRst                                0x080030e3   Thumb Code    20  led_color.o(i.vWriteRst)
    xPortStartScheduler                      0x080030f9   Thumb Code   140  port.o(i.xPortStartScheduler)
    xPortSysTickHandler                      0x08003199   Thumb Code    46  port.o(i.xPortSysTickHandler)
    xQueueGenericCreate                      0x080031cd   Thumb Code    78  queue.o(i.xQueueGenericCreate)
    xQueueGenericReceive                     0x08003241   Thumb Code   416  queue.o(i.xQueueGenericReceive)
    xQueueGenericReset                       0x08003409   Thumb Code   136  queue.o(i.xQueueGenericReset)
    xQueueGenericSend                        0x080034b9   Thumb Code   412  queue.o(i.xQueueGenericSend)
    xQueueGenericSendFromISR                 0x0800367d   Thumb Code   234  queue.o(i.xQueueGenericSendFromISR)
    xTaskCheckForTimeOut                     0x0800378d   Thumb Code   116  tasks.o(i.xTaskCheckForTimeOut)
    xTaskCreate                              0x0800382d   Thumb Code    96  tasks.o(i.xTaskCreate)
    xTaskGetSchedulerState                   0x0800388d   Thumb Code    24  tasks.o(i.xTaskGetSchedulerState)
    xTaskGetTickCount                        0x080038ad   Thumb Code     6  tasks.o(i.xTaskGetTickCount)
    xTaskIncrementTick                       0x080038b9   Thumb Code   272  tasks.o(i.xTaskIncrementTick)
    xTaskPriorityDisinherit                  0x08003a19   Thumb Code   168  tasks.o(i.xTaskPriorityDisinherit)
    xTaskRemoveFromEventList                 0x08003af1   Thumb Code   118  tasks.o(i.xTaskRemoveFromEventList)
    xTaskResumeAll                           0x08003ba5   Thumb Code   214  tasks.o(i.xTaskResumeAll)
    xTimerCreateTimerTask                    0x08003cc5   Thumb Code    56  timers.o(i.xTimerCreateTimerTask)
    xTimerGenericCommand                     0x08003d39   Thumb Code   118  timers.o(i.xTimerGenericCommand)
    __aeabi_d2f                              0x08003ddd   Thumb Code     0  d2f.o(x$fpl$d2f)
    _d2f                                     0x08003ddd   Thumb Code    98  d2f.o(x$fpl$d2f)
    __aeabi_dadd                             0x08003e41   Thumb Code     0  daddsub_clz.o(x$fpl$dadd)
    _dadd                                    0x08003e41   Thumb Code   332  daddsub_clz.o(x$fpl$dadd)
    __fpl_dcheck_NaN1                        0x08003f91   Thumb Code    10  dcheck1.o(x$fpl$dcheck1)
    __aeabi_ddiv                             0x08003fa1   Thumb Code     0  ddiv.o(x$fpl$ddiv)
    _ddiv                                    0x08003fa1   Thumb Code   552  ddiv.o(x$fpl$ddiv)
    __aeabi_d2iz                             0x08004251   Thumb Code     0  dfix.o(x$fpl$dfix)
    _dfix                                    0x08004251   Thumb Code    94  dfix.o(x$fpl$dfix)
    __aeabi_i2d                              0x080042af   Thumb Code     0  dflt_clz.o(x$fpl$dflt)
    _dflt                                    0x080042af   Thumb Code    46  dflt_clz.o(x$fpl$dflt)
    __aeabi_ui2d                             0x080042dd   Thumb Code     0  dflt_clz.o(x$fpl$dfltu)
    _dfltu                                   0x080042dd   Thumb Code    38  dflt_clz.o(x$fpl$dfltu)
    __aeabi_dmul                             0x08004305   Thumb Code     0  dmul.o(x$fpl$dmul)
    _dmul                                    0x08004305   Thumb Code   332  dmul.o(x$fpl$dmul)
    __fpl_dnaninf                            0x08004459   Thumb Code   156  dnaninf.o(x$fpl$dnaninf)
    __fpl_dretinf                            0x080044f5   Thumb Code    12  dretinf.o(x$fpl$dretinf)
    __aeabi_drsub                            0x08004501   Thumb Code     0  daddsub_clz.o(x$fpl$drsb)
    _drsb                                    0x08004501   Thumb Code    22  daddsub_clz.o(x$fpl$drsb)
    __aeabi_dsub                             0x08004519   Thumb Code     0  daddsub_clz.o(x$fpl$dsub)
    _dsub                                    0x08004519   Thumb Code   464  daddsub_clz.o(x$fpl$dsub)
    __aeabi_f2d                              0x080046ed   Thumb Code     0  f2d.o(x$fpl$f2d)
    _f2d                                     0x080046ed   Thumb Code    86  f2d.o(x$fpl$f2d)
    __aeabi_fadd                             0x08004745   Thumb Code     0  faddsub_clz.o(x$fpl$fadd)
    _fadd                                    0x08004745   Thumb Code   196  faddsub_clz.o(x$fpl$fadd)
    __aeabi_ui2f                             0x08004809   Thumb Code     0  fflt_clz.o(x$fpl$ffltu)
    _ffltu                                   0x08004809   Thumb Code    38  fflt_clz.o(x$fpl$ffltu)
    __fpl_fnaninf                            0x0800482f   Thumb Code   140  fnaninf.o(x$fpl$fnaninf)
    __fpl_fretinf                            0x080048bb   Thumb Code    10  fretinf.o(x$fpl$fretinf)
    __aeabi_fsub                             0x080048c5   Thumb Code     0  faddsub_clz.o(x$fpl$fsub)
    _fsub                                    0x080048c5   Thumb Code   234  faddsub_clz.o(x$fpl$fsub)
    __fpl_return_NaN                         0x080049af   Thumb Code   100  retnan.o(x$fpl$retnan)
    __ARM_scalbn                             0x08004a13   Thumb Code    92  scalbn.o(x$fpl$scalbn)
    __fpl_cmpreturn                          0x08004a6f   Thumb Code    48  trapv.o(x$fpl$trapveneer)
    __I$use$fp                               0x08004a9e   Number         0  usenofp.o(x$fpl$usenofp)
    Region$$Table$$Base                      0x08004bc0   Number         0  anon$$obj.o(Region$$Table)
    Region$$Table$$Limit                     0x08004be0   Number         0  anon$$obj.o(Region$$Table)
    SystemCoreClock                          0x20000000   Data           4  system_stm32f10x.o(.data)
    AHBPrescTable                            0x20000004   Data          16  system_stm32f10x.o(.data)
    __stdout                                 0x20000014   Data           4  usart.o(.data)
    dispaly_flag                             0x2000001c   Data           1  led_color.o(.data)
    pxCurrentTCB                             0x20000050   Data           4  tasks.o(.data)
    temp_arr                                 0x200000c4   Data         180  led_color.o(.bss)
    xQueueRegistry                           0x20000178   Data          64  queue.o(.bss)
    __libspace_start                         0x20002cc4   Data          96  libspace.o(.bss)
    __temporary_stack_top$libspace           0x20002d24   Data           0  libspace.o(.bss)



==============================================================================

Memory Map of the image

  Image Entry point : 0x080000ed

  Load Region LR_IROM1 (Base: 0x08000000, Size: 0x00004ca4, Max: 0x00010000, ABSOLUTE)

    Execution Region ER_IROM1 (Exec base: 0x08000000, Load base: 0x08000000, Size: 0x00004be0, Max: 0x00010000, ABSOLUTE)

    Exec Addr    Load Addr    Size         Type   Attr      Idx    E Section Name        Object

    0x08000000   0x08000000   0x000000ec   Data   RO         3631    RESET               startup_stm32f10x_md.o
    0x080000ec   0x080000ec   0x00000008   Code   RO         4729  * !!!main             c_w.l(__main.o)
    0x080000f4   0x080000f4   0x00000034   Code   RO         5009    !!!scatter          c_w.l(__scatter.o)
    0x08000128   0x08000128   0x0000001a   Code   RO         5011    !!handler_copy      c_w.l(__scatter_copy.o)
    0x08000142   0x08000142   0x00000002   PAD
    0x08000144   0x08000144   0x0000001c   Code   RO         5013    !!handler_zi        c_w.l(__scatter_zi.o)
    0x08000160   0x08000160   0x00000000   Code   RO         4718    .ARM.Collect$$_printf_percent$$00000000  c_w.l(_printf_percent.o)
    0x08000160   0x08000160   0x00000006   Code   RO         4716    .ARM.Collect$$_printf_percent$$00000009  c_w.l(_printf_d.o)
    0x08000166   0x08000166   0x00000006   Code   RO         4715    .ARM.Collect$$_printf_percent$$00000014  c_w.l(_printf_s.o)
    0x0800016c   0x0800016c   0x00000004   Code   RO         4786    .ARM.Collect$$_printf_percent$$00000017  c_w.l(_printf_percent_end.o)
    0x08000170   0x08000170   0x00000002   Code   RO         4880    .ARM.Collect$$libinit$$00000000  c_w.l(libinit.o)
    0x08000172   0x08000172   0x00000000   Code   RO         4886    .ARM.Collect$$libinit$$00000002  c_w.l(libinit2.o)
    0x08000172   0x08000172   0x00000000   Code   RO         4888    .ARM.Collect$$libinit$$00000004  c_w.l(libinit2.o)
    0x08000172   0x08000172   0x00000000   Code   RO         4891    .ARM.Collect$$libinit$$0000000A  c_w.l(libinit2.o)
    0x08000172   0x08000172   0x00000000   Code   RO         4893    .ARM.Collect$$libinit$$0000000C  c_w.l(libinit2.o)
    0x08000172   0x08000172   0x00000000   Code   RO         4895    .ARM.Collect$$libinit$$0000000E  c_w.l(libinit2.o)
    0x08000172   0x08000172   0x00000000   Code   RO         4898    .ARM.Collect$$libinit$$00000011  c_w.l(libinit2.o)
    0x08000172   0x08000172   0x00000000   Code   RO         4900    .ARM.Collect$$libinit$$00000013  c_w.l(libinit2.o)
    0x08000172   0x08000172   0x00000000   Code   RO         4902    .ARM.Collect$$libinit$$00000015  c_w.l(libinit2.o)
    0x08000172   0x08000172   0x00000000   Code   RO         4904    .ARM.Collect$$libinit$$00000017  c_w.l(libinit2.o)
    0x08000172   0x08000172   0x00000000   Code   RO         4906    .ARM.Collect$$libinit$$00000019  c_w.l(libinit2.o)
    0x08000172   0x08000172   0x00000000   Code   RO         4908    .ARM.Collect$$libinit$$0000001B  c_w.l(libinit2.o)
    0x08000172   0x08000172   0x00000000   Code   RO         4910    .ARM.Collect$$libinit$$0000001D  c_w.l(libinit2.o)
    0x08000172   0x08000172   0x00000000   Code   RO         4912    .ARM.Collect$$libinit$$0000001F  c_w.l(libinit2.o)
    0x08000172   0x08000172   0x00000000   Code   RO         4914    .ARM.Collect$$libinit$$00000021  c_w.l(libinit2.o)
    0x08000172   0x08000172   0x00000000   Code   RO         4916    .ARM.Collect$$libinit$$00000023  c_w.l(libinit2.o)
    0x08000172   0x08000172   0x00000000   Code   RO         4918    .ARM.Collect$$libinit$$00000025  c_w.l(libinit2.o)
    0x08000172   0x08000172   0x00000000   Code   RO         4922    .ARM.Collect$$libinit$$0000002C  c_w.l(libinit2.o)
    0x08000172   0x08000172   0x00000000   Code   RO         4924    .ARM.Collect$$libinit$$0000002E  c_w.l(libinit2.o)
    0x08000172   0x08000172   0x00000000   Code   RO         4926    .ARM.Collect$$libinit$$00000030  c_w.l(libinit2.o)
    0x08000172   0x08000172   0x00000000   Code   RO         4928    .ARM.Collect$$libinit$$00000032  c_w.l(libinit2.o)
    0x08000172   0x08000172   0x00000002   Code   RO         4929    .ARM.Collect$$libinit$$00000033  c_w.l(libinit2.o)
    0x08000174   0x08000174   0x00000002   Code   RO         4951    .ARM.Collect$$libshutdown$$00000000  c_w.l(libshutdown.o)
    0x08000176   0x08000176   0x00000000   Code   RO         4961    .ARM.Collect$$libshutdown$$00000002  c_w.l(libshutdown2.o)
    0x08000176   0x08000176   0x00000000   Code   RO         4963    .ARM.Collect$$libshutdown$$00000004  c_w.l(libshutdown2.o)
    0x08000176   0x08000176   0x00000000   Code   RO         4966    .ARM.Collect$$libshutdown$$00000007  c_w.l(libshutdown2.o)
    0x08000176   0x08000176   0x00000000   Code   RO         4969    .ARM.Collect$$libshutdown$$0000000A  c_w.l(libshutdown2.o)
    0x08000176   0x08000176   0x00000000   Code   RO         4971    .ARM.Collect$$libshutdown$$0000000C  c_w.l(libshutdown2.o)
    0x08000176   0x08000176   0x00000000   Code   RO         4974    .ARM.Collect$$libshutdown$$0000000F  c_w.l(libshutdown2.o)
    0x08000176   0x08000176   0x00000002   Code   RO         4975    .ARM.Collect$$libshutdown$$00000010  c_w.l(libshutdown2.o)
    0x08000178   0x08000178   0x00000000   Code   RO         4773    .ARM.Collect$$rtentry$$00000000  c_w.l(__rtentry.o)
    0x08000178   0x08000178   0x00000000   Code   RO         4829    .ARM.Collect$$rtentry$$00000002  c_w.l(__rtentry2.o)
    0x08000178   0x08000178   0x00000006   Code   RO         4841    .ARM.Collect$$rtentry$$00000004  c_w.l(__rtentry4.o)
    0x0800017e   0x0800017e   0x00000000   Code   RO         4831    .ARM.Collect$$rtentry$$00000009  c_w.l(__rtentry2.o)
    0x0800017e   0x0800017e   0x00000004   Code   RO         4832    .ARM.Collect$$rtentry$$0000000A  c_w.l(__rtentry2.o)
    0x08000182   0x08000182   0x00000000   Code   RO         4834    .ARM.Collect$$rtentry$$0000000C  c_w.l(__rtentry2.o)
    0x08000182   0x08000182   0x00000008   Code   RO         4835    .ARM.Collect$$rtentry$$0000000D  c_w.l(__rtentry2.o)
    0x0800018a   0x0800018a   0x00000002   Code   RO         4883    .ARM.Collect$$rtexit$$00000000  c_w.l(rtexit.o)
    0x0800018c   0x0800018c   0x00000000   Code   RO         4933    .ARM.Collect$$rtexit$$00000002  c_w.l(rtexit2.o)
    0x0800018c   0x0800018c   0x00000004   Code   RO         4934    .ARM.Collect$$rtexit$$00000003  c_w.l(rtexit2.o)
    0x08000190   0x08000190   0x00000006   Code   RO         4935    .ARM.Collect$$rtexit$$00000004  c_w.l(rtexit2.o)
    0x08000196   0x08000196   0x00000002   PAD
    0x08000198   0x08000198   0x00000096   Code   RO         4595    .emb_text           port.o
    0x0800022e   0x0800022e   0x00000002   PAD
    0x08000230   0x08000230   0x00000040   Code   RO         3632    .text               startup_stm32f10x_md.o
    0x08000270   0x08000270   0x00000002   Code   RO         4678    .text               c_w.l(use_no_semi_2.o)
    0x08000272   0x08000272   0x00000002   PAD
    0x08000274   0x08000274   0x00000018   Code   RO         4684    .text               c_w.l(noretval__2printf.o)
    0x0800028c   0x0800028c   0x00000068   Code   RO         4688    .text               c_w.l(__printf.o)
    0x080002f4   0x080002f4   0x00000052   Code   RO         4690    .text               c_w.l(_printf_str.o)
    0x08000346   0x08000346   0x00000002   PAD
    0x08000348   0x08000348   0x00000078   Code   RO         4692    .text               c_w.l(_printf_dec.o)
    0x080003c0   0x080003c0   0x0000008a   Code   RO         4723    .text               c_w.l(rt_memcpy_v6.o)
    0x0800044a   0x0800044a   0x00000010   Code   RO         4725    .text               c_w.l(aeabi_memset.o)
    0x0800045a   0x0800045a   0x00000006   Code   RO         4727    .text               c_w.l(heapauxi.o)
    0x08000460   0x08000460   0x00000002   Code   RO         4771    .text               c_w.l(use_no_semi.o)
    0x08000462   0x08000462   0x00000016   Code   RO         4774    .text               c_w.l(_rserrno.o)
    0x08000478   0x08000478   0x000000b2   Code   RO         4776    .text               c_w.l(_printf_intcommon.o)
    0x0800052a   0x0800052a   0x00000002   PAD
    0x0800052c   0x0800052c   0x00000030   Code   RO         4778    .text               c_w.l(_printf_char_common.o)
    0x0800055c   0x0800055c   0x0000002c   Code   RO         4782    .text               c_w.l(_printf_char.o)
    0x08000588   0x08000588   0x00000024   Code   RO         4784    .text               c_w.l(_printf_char_file.o)
    0x080005ac   0x080005ac   0x00000064   Code   RO         4787    .text               c_w.l(rt_memcpy_w.o)
    0x08000610   0x08000610   0x00000044   Code   RO         4789    .text               c_w.l(rt_memclr.o)
    0x08000654   0x08000654   0x00000008   Code   RO         4846    .text               c_w.l(rt_errno_addr_intlibspace.o)
    0x0800065c   0x0800065c   0x00000008   Code   RO         4850    .text               c_w.l(ferror.o)
    0x08000664   0x08000664   0x0000004e   Code   RO         4854    .text               c_w.l(rt_memclr_w.o)
    0x080006b2   0x080006b2   0x00000002   PAD
    0x080006b4   0x080006b4   0x00000008   Code   RO         4868    .text               c_w.l(libspace.o)
    0x080006bc   0x080006bc   0x0000004a   Code   RO         4871    .text               c_w.l(sys_stackheap_outer.o)
    0x08000706   0x08000706   0x00000012   Code   RO         4873    .text               c_w.l(exit.o)
    0x08000718   0x08000718   0x00000004   Code   RO          195    i.BusFault_Handler  stm32f10x_it.o
    0x0800071c   0x0800071c   0x00000002   Code   RO          196    i.DebugMon_Handler  stm32f10x_it.o
    0x0800071e   0x0800071e   0x00000116   Code   RO         1803    i.GPIO_Init         stm32f10x_gpio.o
    0x08000834   0x08000834   0x00000004   Code   RO         1810    i.GPIO_ResetBits    stm32f10x_gpio.o
    0x08000838   0x08000838   0x00000004   Code   RO         1811    i.GPIO_SetBits      stm32f10x_gpio.o
    0x0800083c   0x0800083c   0x00000004   Code   RO          197    i.HardFault_Handler  stm32f10x_it.o
    0x08000840   0x08000840   0x00000038   Code   RO          450    i.LED_Init          led.o
    0x08000878   0x08000878   0x0000001c   Code   RO          452    i.LED_task          led.o
    0x08000894   0x08000894   0x00000004   Code   RO          198    i.MemManage_Handler  stm32f10x_it.o
    0x08000898   0x08000898   0x00000002   Code   RO          199    i.NMI_Handler       stm32f10x_it.o
    0x0800089a   0x0800089a   0x00000002   PAD
    0x0800089c   0x0800089c   0x00000070   Code   RO          652    i.NVIC_Init         misc.o
    0x0800090c   0x0800090c   0x00000014   Code   RO          653    i.NVIC_PriorityGroupConfig  misc.o
    0x08000920   0x08000920   0x00000020   Code   RO         2219    i.RCC_APB1PeriphClockCmd  stm32f10x_rcc.o
    0x08000940   0x08000940   0x00000020   Code   RO         2221    i.RCC_APB2PeriphClockCmd  stm32f10x_rcc.o
    0x08000960   0x08000960   0x000000d4   Code   RO         2229    i.RCC_GetClocksFreq  stm32f10x_rcc.o
    0x08000a34   0x08000a34   0x00000018   Code   RO         2698    i.SPI_Cmd           stm32f10x_spi.o
    0x08000a4c   0x08000a4c   0x00000012   Code   RO         2706    i.SPI_I2S_GetFlagStatus  stm32f10x_spi.o
    0x08000a5e   0x08000a5e   0x00000006   Code   RO         2709    i.SPI_I2S_ReceiveData  stm32f10x_spi.o
    0x08000a64   0x08000a64   0x00000004   Code   RO         2710    i.SPI_I2S_SendData  stm32f10x_spi.o
    0x08000a68   0x08000a68   0x0000003c   Code   RO         2711    i.SPI_Init          stm32f10x_spi.o
    0x08000aa4   0x08000aa4   0x0000002c   Code   RO          487    i.SW2812_arr        led_color.o
    0x08000ad0   0x08000ad0   0x00000008   Code   RO          240    i.SetSysClock       system_stm32f10x.o
    0x08000ad8   0x08000ad8   0x000000e0   Code   RO          241    i.SetSysClockTo72   system_stm32f10x.o
    0x08000bb8   0x08000bb8   0x00000028   Code   RO          656    i.SysTick_CLKSourceConfig  misc.o
    0x08000be0   0x08000be0   0x00000010   Code   RO          402    i.SysTick_Handler   delay.o
    0x08000bf0   0x08000bf0   0x00000060   Code   RO          243    i.SystemInit        system_stm32f10x.o
    0x08000c50   0x08000c50   0x0000001c   Code   RO          329    i.USART1_IRQHandler  usart.o
    0x08000c6c   0x08000c6c   0x00000018   Code   RO         3389    i.USART_Cmd         stm32f10x_usart.o
    0x08000c84   0x08000c84   0x00000054   Code   RO         3393    i.USART_GetITStatus  stm32f10x_usart.o
    0x08000cd8   0x08000cd8   0x0000004a   Code   RO         3395    i.USART_ITConfig    stm32f10x_usart.o
    0x08000d22   0x08000d22   0x00000002   PAD
    0x08000d24   0x08000d24   0x000000d8   Code   RO         3396    i.USART_Init        stm32f10x_usart.o
    0x08000dfc   0x08000dfc   0x0000000a   Code   RO         3403    i.USART_ReceiveData  stm32f10x_usart.o
    0x08000e06   0x08000e06   0x00000004   Code   RO          200    i.UsageFault_Handler  stm32f10x_it.o
    0x08000e0a   0x08000e0a   0x0000001a   Code   RO          488    i.WS2812B_task      led_color.o
    0x08000e24   0x08000e24   0x00000028   Code   RO         4864    i.__ARM_fpclassify  m_ws.l(fpclassify.o)
    0x08000e4c   0x08000e4c   0x00000388   Code   RO         4817    i.__ieee754_rem_pio2  m_ws.l(rred.o)
    0x080011d4   0x080011d4   0x000000fc   Code   RO         4800    i.__kernel_cos      m_ws.l(cos_i.o)
    0x080012d0   0x080012d0   0x000000aa   Code   RO         4866    i.__kernel_poly     m_ws.l(poly.o)
    0x0800137a   0x0800137a   0x00000002   PAD
    0x0800137c   0x0800137c   0x000000ec   Code   RO         4822    i.__kernel_sin      m_ws.l(sin_i.o)
    0x08001468   0x08001468   0x00000006   Code   RO         4804    i.__mathlib_dbl_infnan  m_ws.l(dunder.o)
    0x0800146e   0x0800146e   0x0000000c   Code   RO         4806    i.__mathlib_dbl_invalid  m_ws.l(dunder.o)
    0x0800147a   0x0800147a   0x00000002   PAD
    0x0800147c   0x0800147c   0x00000010   Code   RO         4809    i.__mathlib_dbl_underflow  m_ws.l(dunder.o)
    0x0800148c   0x0800148c   0x00000004   Code   RO          334    i._sys_exit         usart.o
    0x08001490   0x08001490   0x0000001c   Code   RO          490    i.all_off_2812      led_color.o
    0x080014ac   0x080014ac   0x000000a8   Code   RO          582    i.bsp_InitSPIBus    bsp_spi_bus.o
    0x08001554   0x08001554   0x00000034   Code   RO          590    i.bsp_spiWrite1     bsp_spi_bus.o
    0x08001588   0x08001588   0x0000005c   Code   RO          453    i.circle_flashing   led.o
    0x080015e4   0x080015e4   0x0000005c   Code   RO          403    i.delay_init        delay.o
    0x08001640   0x08001640   0x00000264   Code   RO          493    i.dispaly_star_mode  led_color.o
    0x080018a4   0x080018a4   0x0000001c   Code   RO          336    i.fputc             usart.o
    0x080018c0   0x080018c0   0x00000034   Code   RO          170    i.main              main.o
    0x080018f4   0x080018f4   0x00000098   Code   RO         4044    i.prvAddCurrentTaskToDelayedList  tasks.o
    0x0800198c   0x0800198c   0x000000b8   Code   RO         4045    i.prvAddNewTaskToReadyList  tasks.o
    0x08001a44   0x08001a44   0x00000064   Code   RO         4408    i.prvCheckForValidListAndQueue  timers.o
    0x08001aa8   0x08001aa8   0x00000064   Code   RO         4046    i.prvCheckTasksWaitingTermination  tasks.o
    0x08001b0c   0x08001b0c   0x0000002a   Code   RO         3804    i.prvCopyDataFromQueue  queue.o
    0x08001b36   0x08001b36   0x0000007c   Code   RO         3805    i.prvCopyDataToQueue  queue.o
    0x08001bb2   0x08001bb2   0x00000012   Code   RO         4047    i.prvDeleteTCB      tasks.o
    0x08001bc4   0x08001bc4   0x00000028   Code   RO         4409    i.prvGetNextExpireTime  timers.o
    0x08001bec   0x08001bec   0x0000007c   Code   RO         4542    i.prvHeapInit       heap_4.o
    0x08001c68   0x08001c68   0x00000028   Code   RO         4048    i.prvIdleTask       tasks.o
    0x08001c90   0x08001c90   0x0000002e   Code   RO         3807    i.prvInitialiseNewQueue  queue.o
    0x08001cbe   0x08001cbe   0x00000002   PAD
    0x08001cc0   0x08001cc0   0x000000d0   Code   RO         4049    i.prvInitialiseNewTask  tasks.o
    0x08001d90   0x08001d90   0x00000068   Code   RO         4050    i.prvInitialiseTaskLists  tasks.o
    0x08001df8   0x08001df8   0x00000068   Code   RO         4543    i.prvInsertBlockIntoFreeList  heap_4.o
    0x08001e60   0x08001e60   0x00000058   Code   RO         4411    i.prvInsertTimerInActiveList  timers.o
    0x08001eb8   0x08001eb8   0x0000001a   Code   RO         3808    i.prvIsQueueEmpty   queue.o
    0x08001ed2   0x08001ed2   0x0000001e   Code   RO         3809    i.prvIsQueueFull    queue.o
    0x08001ef0   0x08001ef0   0x000000a0   Code   RO         3810    i.prvNotifyQueueSetContainer  queue.o
    0x08001f90   0x08001f90   0x00000080   Code   RO         4412    i.prvProcessExpiredTimer  timers.o
    0x08002010   0x08002010   0x0000012c   Code   RO         4413    i.prvProcessReceivedCommands  timers.o
    0x0800213c   0x0800213c   0x00000074   Code   RO         4414    i.prvProcessTimerOrBlockTask  timers.o
    0x080021b0   0x080021b0   0x00000034   Code   RO         4052    i.prvResetNextTaskUnblockTime  tasks.o
    0x080021e4   0x080021e4   0x0000002c   Code   RO         4415    i.prvSampleTimeNow  timers.o
    0x08002210   0x08002210   0x000000bc   Code   RO         4416    i.prvSwitchTimerLists  timers.o
    0x080022cc   0x080022cc   0x00000070   Code   RO         4596    i.prvTaskExitError  port.o
    0x0800233c   0x0800233c   0x0000001a   Code   RO         4417    i.prvTimerTask      timers.o
    0x08002356   0x08002356   0x00000092   Code   RO         3811    i.prvUnlockQueue    queue.o
    0x080023e8   0x080023e8   0x00000154   Code   RO         4544    i.pvPortMalloc      heap_4.o
    0x0800253c   0x0800253c   0x00000020   Code   RO         4056    i.pvTaskIncrementMutexHeldCount  tasks.o
    0x0800255c   0x0800255c   0x00000024   Code   RO         4597    i.pxPortInitialiseStack  port.o
    0x08002580   0x08002580   0x00000062   Code   RO          494    i.select_seven_color  led_color.o
    0x080025e2   0x080025e2   0x00000002   PAD
    0x080025e4   0x080025e4   0x000000a0   Code   RO         4764    i.sin               m_ws.l(sin.o)
    0x08002684   0x08002684   0x00000060   Code   RO          171    i.start_task        main.o
    0x080026e4   0x080026e4   0x00000024   Code   RO            1    i.task_Init         config.o
    0x08002708   0x08002708   0x000000a0   Code   RO          337    i.uart_init         usart.o
    0x080027a8   0x080027a8   0x00000028   Code   RO         3763    i.uxListRemove      list.o
    0x080027d0   0x080027d0   0x0000001a   Code   RO         3764    i.vListInitialise   list.o
    0x080027ea   0x080027ea   0x00000006   Code   RO         3765    i.vListInitialiseItem  list.o
    0x080027f0   0x080027f0   0x00000034   Code   RO         3766    i.vListInsert       list.o
    0x08002824   0x08002824   0x00000018   Code   RO         3767    i.vListInsertEnd    list.o
    0x0800283c   0x0800283c   0x00000088   Code   RO         4599    i.vPortEnterCritical  port.o
    0x080028c4   0x080028c4   0x00000070   Code   RO         4600    i.vPortExitCritical  port.o
    0x08002934   0x08002934   0x000000b8   Code   RO         4545    i.vPortFree         heap_4.o
    0x080029ec   0x080029ec   0x00000020   Code   RO         4601    i.vPortSetupTimerInterrupt  port.o
    0x08002a0c   0x08002a0c   0x000000a0   Code   RO         4602    i.vPortValidateInterruptPriority  port.o
    0x08002aac   0x08002aac   0x0000002c   Code   RO         3817    i.vQueueAddToRegistry  queue.o
    0x08002ad8   0x08002ad8   0x0000004a   Code   RO         3821    i.vQueueWaitForMessageRestricted  queue.o
    0x08002b22   0x08002b22   0x00000002   PAD
    0x08002b24   0x08002b24   0x00000074   Code   RO         4064    i.vTaskDelay        tasks.o
    0x08002b98   0x08002b98   0x000000dc   Code   RO         4065    i.vTaskDelayUntil   tasks.o
    0x08002c74   0x08002c74   0x0000010c   Code   RO         4066    i.vTaskDelete       tasks.o
    0x08002d80   0x08002d80   0x0000000c   Code   RO         4070    i.vTaskMissedYield  tasks.o
    0x08002d8c   0x08002d8c   0x00000054   Code   RO         4072    i.vTaskPlaceOnEventList  tasks.o
    0x08002de0   0x08002de0   0x0000005c   Code   RO         4073    i.vTaskPlaceOnEventListRestricted  tasks.o
    0x08002e3c   0x08002e3c   0x000000b0   Code   RO         4075    i.vTaskPriorityInherit  tasks.o
    0x08002eec   0x08002eec   0x0000004c   Code   RO         4079    i.vTaskSetTimeOutState  tasks.o
    0x08002f38   0x08002f38   0x000000ac   Code   RO         4080    i.vTaskStartScheduler  tasks.o
    0x08002fe4   0x08002fe4   0x00000010   Code   RO         4082    i.vTaskSuspendAll   tasks.o
    0x08002ff4   0x08002ff4   0x000000a8   Code   RO         4083    i.vTaskSwitchContext  tasks.o
    0x0800309c   0x0800309c   0x0000002a   Code   RO          495    i.vWriteByte        led_color.o
    0x080030c6   0x080030c6   0x0000001c   Code   RO          496    i.vWriteColor       led_color.o
    0x080030e2   0x080030e2   0x00000014   Code   RO          497    i.vWriteRst         led_color.o
    0x080030f6   0x080030f6   0x00000002   PAD
    0x080030f8   0x080030f8   0x000000a0   Code   RO         4603    i.xPortStartScheduler  port.o
    0x08003198   0x08003198   0x00000034   Code   RO         4604    i.xPortSysTickHandler  port.o
    0x080031cc   0x080031cc   0x00000074   Code   RO         3826    i.xQueueGenericCreate  queue.o
    0x08003240   0x08003240   0x000001c8   Code   RO         3827    i.xQueueGenericReceive  queue.o
    0x08003408   0x08003408   0x000000b0   Code   RO         3828    i.xQueueGenericReset  queue.o
    0x080034b8   0x080034b8   0x000001c4   Code   RO         3829    i.xQueueGenericSend  queue.o
    0x0800367c   0x0800367c   0x00000110   Code   RO         3830    i.xQueueGenericSendFromISR  queue.o
    0x0800378c   0x0800378c   0x000000a0   Code   RO         4084    i.xTaskCheckForTimeOut  tasks.o
    0x0800382c   0x0800382c   0x00000060   Code   RO         4085    i.xTaskCreate       tasks.o
    0x0800388c   0x0800388c   0x00000020   Code   RO         4089    i.xTaskGetSchedulerState  tasks.o
    0x080038ac   0x080038ac   0x0000000c   Code   RO         4090    i.xTaskGetTickCount  tasks.o
    0x080038b8   0x080038b8   0x00000160   Code   RO         4092    i.xTaskIncrementTick  tasks.o
    0x08003a18   0x08003a18   0x000000d8   Code   RO         4095    i.xTaskPriorityDisinherit  tasks.o
    0x08003af0   0x08003af0   0x000000b4   Code   RO         4096    i.xTaskRemoveFromEventList  tasks.o
    0x08003ba4   0x08003ba4   0x00000120   Code   RO         4098    i.xTaskResumeAll    tasks.o
    0x08003cc4   0x08003cc4   0x00000074   Code   RO         4421    i.xTimerCreateTimerTask  timers.o
    0x08003d38   0x08003d38   0x000000a4   Code   RO         4422    i.xTimerGenericCommand  timers.o
    0x08003ddc   0x08003ddc   0x00000062   Code   RO         4731    x$fpl$d2f           fz_ws.l(d2f.o)
    0x08003e3e   0x08003e3e   0x00000002   PAD
    0x08003e40   0x08003e40   0x00000150   Code   RO         4856    x$fpl$dadd          fz_ws.l(daddsub_clz.o)
    0x08003f90   0x08003f90   0x00000010   Code   RO         4881    x$fpl$dcheck1       fz_ws.l(dcheck1.o)
    0x08003fa0   0x08003fa0   0x000002b0   Code   RO         4734    x$fpl$ddiv          fz_ws.l(ddiv.o)
    0x08004250   0x08004250   0x0000005e   Code   RO         4737    x$fpl$dfix          fz_ws.l(dfix.o)
    0x080042ae   0x080042ae   0x0000002e   Code   RO         4742    x$fpl$dflt          fz_ws.l(dflt_clz.o)
    0x080042dc   0x080042dc   0x00000026   Code   RO         4741    x$fpl$dfltu         fz_ws.l(dflt_clz.o)
    0x08004302   0x08004302   0x00000002   PAD
    0x08004304   0x08004304   0x00000154   Code   RO         4747    x$fpl$dmul          fz_ws.l(dmul.o)
    0x08004458   0x08004458   0x0000009c   Code   RO         4791    x$fpl$dnaninf       fz_ws.l(dnaninf.o)
    0x080044f4   0x080044f4   0x0000000c   Code   RO         4793    x$fpl$dretinf       fz_ws.l(dretinf.o)
    0x08004500   0x08004500   0x00000016   Code   RO         4857    x$fpl$drsb          fz_ws.l(daddsub_clz.o)
    0x08004516   0x08004516   0x00000002   PAD
    0x08004518   0x08004518   0x000001d4   Code   RO         4858    x$fpl$dsub          fz_ws.l(daddsub_clz.o)
    0x080046ec   0x080046ec   0x00000056   Code   RO         4749    x$fpl$f2d           fz_ws.l(f2d.o)
    0x08004742   0x08004742   0x00000002   PAD
    0x08004744   0x08004744   0x000000c4   Code   RO         4751    x$fpl$fadd          fz_ws.l(faddsub_clz.o)
    0x08004808   0x08004808   0x00000026   Code   RO         4757    x$fpl$ffltu         fz_ws.l(fflt_clz.o)
    0x0800482e   0x0800482e   0x0000008c   Code   RO         4795    x$fpl$fnaninf       fz_ws.l(fnaninf.o)
    0x080048ba   0x080048ba   0x0000000a   Code   RO         4797    x$fpl$fretinf       fz_ws.l(fretinf.o)
    0x080048c4   0x080048c4   0x000000ea   Code   RO         4753    x$fpl$fsub          fz_ws.l(faddsub_clz.o)
    0x080049ae   0x080049ae   0x00000064   Code   RO         4930    x$fpl$retnan        fz_ws.l(retnan.o)
    0x08004a12   0x08004a12   0x0000005c   Code   RO         4862    x$fpl$scalbn        fz_ws.l(scalbn.o)
    0x08004a6e   0x08004a6e   0x00000030   Code   RO         4943    x$fpl$trapveneer    fz_ws.l(trapv.o)
    0x08004a9e   0x08004a9e   0x00000000   Code   RO         4799    x$fpl$usenofp       fz_ws.l(usenofp.o)
    0x08004a9e   0x08004a9e   0x00000002   PAD
    0x08004aa0   0x08004aa0   0x00000030   Data   RO         4801    .constdata          m_ws.l(cos_i.o)
    0x08004ad0   0x08004ad0   0x000000c8   Data   RO         4819    .constdata          m_ws.l(rred.o)
    0x08004b98   0x08004b98   0x00000028   Data   RO         4823    .constdata          m_ws.l(sin_i.o)
    0x08004bc0   0x08004bc0   0x00000020   Data   RO         5007    Region$$Table       anon$$obj.o


    Execution Region RW_IRAM1 (Exec base: 0x20000000, Load base: 0x08004be0, Size: 0x00003328, Max: 0x00005000, ABSOLUTE)

    Exec Addr    Load Addr    Size         Type   Attr      Idx    E Section Name        Object

    0x20000000   0x08004be0   0x00000014   Data   RW          244    .data               system_stm32f10x.o
    0x20000014   0x08004bf4   0x00000004   Data   RW          338    .data               usart.o
    0x20000018   0x08004bf8   0x00000004   Data   RW          407    .data               delay.o
    0x2000001c   0x08004bfc   0x00000020   Data   RW          499    .data               led_color.o
    0x2000003c   0x08004c1c   0x00000014   Data   RW         2249    .data               stm32f10x_rcc.o
    0x20000050   0x08004c30   0x0000003c   Data   RW         4101    .data               tasks.o
    0x2000008c   0x08004c6c   0x00000014   Data   RW         4430    .data               timers.o
    0x200000a0   0x08004c80   0x00000018   Data   RW         4550    .data               heap_4.o
    0x200000b8   0x08004c98   0x0000000c   Data   RW         4605    .data               port.o
    0x200000c4        -       0x000000b4   Zero   RW          498    .bss                led_color.o
    0x20000178        -       0x00000040   Zero   RW         3841    .bss                queue.o
    0x200001b8        -       0x000002e4   Zero   RW         4100    .bss                tasks.o
    0x2000049c        -       0x00000028   Zero   RW         4429    .bss                timers.o
    0x200004c4        -       0x00002800   Zero   RW         4549    .bss                heap_4.o
    0x20002cc4        -       0x00000060   Zero   RW         4869    .bss                c_w.l(libspace.o)
    0x20002d24   0x08004ca4   0x00000004   PAD
    0x20002d28        -       0x00000200   Zero   RW         3630    HEAP                startup_stm32f10x_md.o
    0x20002f28        -       0x00000400   Zero   RW         3629    STACK               startup_stm32f10x_md.o


==============================================================================

Image component sizes


      Code (inc. data)   RO Data    RW Data    ZI Data      Debug   Object Name

       220         14          0          0          0       1241   bsp_spi_bus.o
        36          0          0          0          0      45296   config.o
       108         18          0          4          0       1251   delay.o
         0          0          0          0          0      11868   event_groups.o
       752        176          0         24      10240       4107   heap_4.o
       176         10          0          0          0       2164   led.o
       898         68          0         32        180       7603   led_color.o
       148          0          0          0          0       3314   list.o
       148         54          0          0          0        984   main.o
       172         22          0          0          0       2285   misc.o
       950        320          0         12          0      10585   port.o
      2164        238          0          0         64      15877   queue.o
        64         26        236          0       1536        828   startup_stm32f10x_md.o
       286          0          0          0          0       3264   stm32f10x_gpio.o
        20          0          0          0          0       2645   stm32f10x_it.o
       276         32          0         20          0       4694   stm32f10x_rcc.o
       112          0          0          0          0       4114   stm32f10x_spi.o
       408          6          0          0          0       5274   stm32f10x_usart.o
         0          0          0          0          0     203464   sys.o
       328         28          0         20          0       2341   system_stm32f10x.o
      3626        928          0         60        740      30433   tasks.o
      1310        312          0         20         40       8899   timers.o
       220         16          0          4          0       4238   usart.o

    ----------------------------------------------------------------------
     12436       2268        268        196      12800     376769   Object Totals
         0          0         32          0          0          0   (incl. Generated)
        14          0          0          0          0          0   (incl. Padding)

    ----------------------------------------------------------------------

      Code (inc. data)   RO Data    RW Data    ZI Data      Debug   Library Member Name

         8          0          0          0          0         68   __main.o
       104          0          0          0          0         84   __printf.o
         0          0          0          0          0          0   __rtentry.o
        12          0          0          0          0          0   __rtentry2.o
         6          0          0          0          0          0   __rtentry4.o
        52          8          0          0          0          0   __scatter.o
        26          0          0          0          0          0   __scatter_copy.o
        28          0          0          0          0          0   __scatter_zi.o
        44          0          0          0          0        108   _printf_char.o
        48          6          0          0          0         96   _printf_char_common.o
        36          4          0          0          0         80   _printf_char_file.o
         6          0          0          0          0          0   _printf_d.o
       120         16          0          0          0         92   _printf_dec.o
       178          0          0          0          0         88   _printf_intcommon.o
         0          0          0          0          0          0   _printf_percent.o
         4          0          0          0          0          0   _printf_percent_end.o
         6          0          0          0          0          0   _printf_s.o
        82          0          0          0          0         80   _printf_str.o
        22          0          0          0          0        100   _rserrno.o
        16          0          0          0          0         68   aeabi_memset.o
        18          0          0          0          0         80   exit.o
         8          0          0          0          0         68   ferror.o
         6          0          0          0          0        152   heapauxi.o
         2          0          0          0          0          0   libinit.o
         2          0          0          0          0          0   libinit2.o
         2          0          0          0          0          0   libshutdown.o
         2          0          0          0          0          0   libshutdown2.o
         8          4          0          0         96         68   libspace.o
        24          4          0          0          0         84   noretval__2printf.o
         8          4          0          0          0         68   rt_errno_addr_intlibspace.o
        68          0          0          0          0         68   rt_memclr.o
        78          0          0          0          0         80   rt_memclr_w.o
       138          0          0          0          0         68   rt_memcpy_v6.o
       100          0          0          0          0         80   rt_memcpy_w.o
         2          0          0          0          0          0   rtexit.o
        10          0          0          0          0          0   rtexit2.o
        74          0          0          0          0         80   sys_stackheap_outer.o
         2          0          0          0          0         68   use_no_semi.o
         2          0          0          0          0         68   use_no_semi_2.o
        98          4          0          0          0         92   d2f.o
       826         16          0          0          0        348   daddsub_clz.o
        16          4          0          0          0         68   dcheck1.o
       688        140          0          0          0        208   ddiv.o
        94          4          0          0          0         92   dfix.o
        84          0          0          0          0        136   dflt_clz.o
       340         12          0          0          0        104   dmul.o
       156          4          0          0          0         92   dnaninf.o
        12          0          0          0          0         68   dretinf.o
        86          4          0          0          0         84   f2d.o
       430          8          0          0          0        168   faddsub_clz.o
        38          0          0          0          0         68   fflt_clz.o
       140          4          0          0          0         84   fnaninf.o
        10          0          0          0          0         68   fretinf.o
       100          0          0          0          0         68   retnan.o
        92          0          0          0          0         68   scalbn.o
        48          0          0          0          0         68   trapv.o
         0          0          0          0          0          0   usenofp.o
       252         22         48          0          0        124   cos_i.o
        34          6          0          0          0        204   dunder.o
        40          0          0          0          0         68   fpclassify.o
       170          0          0          0          0         96   poly.o
       904         76        200          0          0        140   rred.o
       160         10          0          0          0        108   sin.o
       236         12         40          0          0        128   sin_i.o

    ----------------------------------------------------------------------
      6432        372        288          0        100       4648   Library Totals
        26          0          0          0          4          0   (incl. Padding)

    ----------------------------------------------------------------------

      Code (inc. data)   RO Data    RW Data    ZI Data      Debug   Library Name

      1352         46          0          0         96       1896   c_w.l
      3258        200          0          0          0       1884   fz_ws.l
      1796        126        288          0          0        868   m_ws.l

    ----------------------------------------------------------------------
      6432        372        288          0        100       4648   Library Totals

    ----------------------------------------------------------------------

==============================================================================


      Code (inc. data)   RO Data    RW Data    ZI Data      Debug   

     18868       2640        556        196      12900     372833   Grand Totals
     18868       2640        556        196      12900     372833   ELF Image Totals
     18868       2640        556        196          0          0   ROM Totals

==============================================================================

    Total RO  Size (Code + RO Data)                19424 (  18.97kB)
    Total RW  Size (RW Data + ZI Data)             13096 (  12.79kB)
    Total ROM Size (Code + RO Data + RW Data)      19620 (  19.16kB)

==============================================================================

